Archive member included to satisfy reference by file (symbol)

c:/users/bristinium/code/usst/stm32/stm32cubeide_1.12.1/stm32cubeide/plugins/com.st.stm32cube.ide.mcu.externaltools.gnu-tools-for-stm32.10.3-2021.10.win32_1.0.200.202301161003/tools/bin/../lib/gcc/arm-none-eabi/10.3.1/../../../../arm-none-eabi/lib/thumb/v7-m/nofp\libstdc++_nano.a(del_ops.o)
                              ./Core/Src/builtin_led/BuiltinLed.o (operator delete(void*, unsigned int))
c:/users/bristinium/code/usst/stm32/stm32cubeide_1.12.1/stm32cubeide/plugins/com.st.stm32cube.ide.mcu.externaltools.gnu-tools-for-stm32.10.3-2021.10.win32_1.0.200.202301161003/tools/bin/../lib/gcc/arm-none-eabi/10.3.1/../../../../arm-none-eabi/lib/thumb/v7-m/nofp\libstdc++_nano.a(del_op.o)
                              c:/users/bristinium/code/usst/stm32/stm32cubeide_1.12.1/stm32cubeide/plugins/com.st.stm32cube.ide.mcu.externaltools.gnu-tools-for-stm32.10.3-2021.10.win32_1.0.200.202301161003/tools/bin/../lib/gcc/arm-none-eabi/10.3.1/../../../../arm-none-eabi/lib/thumb/v7-m/nofp\libstdc++_nano.a(del_ops.o) (operator delete(void*))
c:/users/bristinium/code/usst/stm32/stm32cubeide_1.12.1/stm32cubeide/plugins/com.st.stm32cube.ide.mcu.externaltools.gnu-tools-for-stm32.10.3-2021.10.win32_1.0.200.202301161003/tools/bin/../lib/gcc/arm-none-eabi/10.3.1/../../../../arm-none-eabi/lib/thumb/v7-m/nofp\libc_nano.a(lib_a-errno.o)
                              ./Core/Src/syscalls.o (__errno)
c:/users/bristinium/code/usst/stm32/stm32cubeide_1.12.1/stm32cubeide/plugins/com.st.stm32cube.ide.mcu.externaltools.gnu-tools-for-stm32.10.3-2021.10.win32_1.0.200.202301161003/tools/bin/../lib/gcc/arm-none-eabi/10.3.1/../../../../arm-none-eabi/lib/thumb/v7-m/nofp\libc_nano.a(lib_a-exit.o)
                              c:/users/bristinium/code/usst/stm32/stm32cubeide_1.12.1/stm32cubeide/plugins/com.st.stm32cube.ide.mcu.externaltools.gnu-tools-for-stm32.10.3-2021.10.win32_1.0.200.202301161003/tools/bin/../lib/gcc/arm-none-eabi/10.3.1/../../../../arm-none-eabi/lib/thumb/v7-m/nofp/crt0.o (exit)
c:/users/bristinium/code/usst/stm32/stm32cubeide_1.12.1/stm32cubeide/plugins/com.st.stm32cube.ide.mcu.externaltools.gnu-tools-for-stm32.10.3-2021.10.win32_1.0.200.202301161003/tools/bin/../lib/gcc/arm-none-eabi/10.3.1/../../../../arm-none-eabi/lib/thumb/v7-m/nofp\libc_nano.a(lib_a-impure.o)
                              c:/users/bristinium/code/usst/stm32/stm32cubeide_1.12.1/stm32cubeide/plugins/com.st.stm32cube.ide.mcu.externaltools.gnu-tools-for-stm32.10.3-2021.10.win32_1.0.200.202301161003/tools/bin/../lib/gcc/arm-none-eabi/10.3.1/../../../../arm-none-eabi/lib/thumb/v7-m/nofp\libc_nano.a(lib_a-exit.o) (_global_impure_ptr)
c:/users/bristinium/code/usst/stm32/stm32cubeide_1.12.1/stm32cubeide/plugins/com.st.stm32cube.ide.mcu.externaltools.gnu-tools-for-stm32.10.3-2021.10.win32_1.0.200.202301161003/tools/bin/../lib/gcc/arm-none-eabi/10.3.1/../../../../arm-none-eabi/lib/thumb/v7-m/nofp\libc_nano.a(lib_a-init.o)
                              c:/users/bristinium/code/usst/stm32/stm32cubeide_1.12.1/stm32cubeide/plugins/com.st.stm32cube.ide.mcu.externaltools.gnu-tools-for-stm32.10.3-2021.10.win32_1.0.200.202301161003/tools/bin/../lib/gcc/arm-none-eabi/10.3.1/../../../../arm-none-eabi/lib/thumb/v7-m/nofp/crt0.o (__libc_init_array)
c:/users/bristinium/code/usst/stm32/stm32cubeide_1.12.1/stm32cubeide/plugins/com.st.stm32cube.ide.mcu.externaltools.gnu-tools-for-stm32.10.3-2021.10.win32_1.0.200.202301161003/tools/bin/../lib/gcc/arm-none-eabi/10.3.1/../../../../arm-none-eabi/lib/thumb/v7-m/nofp\libc_nano.a(lib_a-malloc.o)
                              c:/users/bristinium/code/usst/stm32/stm32cubeide_1.12.1/stm32cubeide/plugins/com.st.stm32cube.ide.mcu.externaltools.gnu-tools-for-stm32.10.3-2021.10.win32_1.0.200.202301161003/tools/bin/../lib/gcc/arm-none-eabi/10.3.1/../../../../arm-none-eabi/lib/thumb/v7-m/nofp\libstdc++_nano.a(del_op.o) (free)
c:/users/bristinium/code/usst/stm32/stm32cubeide_1.12.1/stm32cubeide/plugins/com.st.stm32cube.ide.mcu.externaltools.gnu-tools-for-stm32.10.3-2021.10.win32_1.0.200.202301161003/tools/bin/../lib/gcc/arm-none-eabi/10.3.1/../../../../arm-none-eabi/lib/thumb/v7-m/nofp\libc_nano.a(lib_a-memcpy-stub.o)
                              ./Core/Src/debug_printer/debug_printer.o (memcpy)
c:/users/bristinium/code/usst/stm32/stm32cubeide_1.12.1/stm32cubeide/plugins/com.st.stm32cube.ide.mcu.externaltools.gnu-tools-for-stm32.10.3-2021.10.win32_1.0.200.202301161003/tools/bin/../lib/gcc/arm-none-eabi/10.3.1/../../../../arm-none-eabi/lib/thumb/v7-m/nofp\libc_nano.a(lib_a-memset.o)
                              c:/users/bristinium/code/usst/stm32/stm32cubeide_1.12.1/stm32cubeide/plugins/com.st.stm32cube.ide.mcu.externaltools.gnu-tools-for-stm32.10.3-2021.10.win32_1.0.200.202301161003/tools/bin/../lib/gcc/arm-none-eabi/10.3.1/../../../../arm-none-eabi/lib/thumb/v7-m/nofp/crt0.o (memset)
[...]
Memory Configuration

Name             Origin             Length             Attributes
RAM              0x0000000020000000 0x0000000000005000 xrw
FLASH            0x0000000008000000 0x0000000000020000 xr
*default*        0x0000000000000000 0xffffffffffffffff

Linker script and memory map

LOAD c:/users/bristinium/code/usst/stm32/stm32cubeide_1.12.1/stm32cubeide/plugins/com.st.stm32cube.ide.mcu.externaltools.gnu-tools-for-stm32.10.3-2021.10.win32_1.0.200.202301161003/tools/bin/../lib/gcc/arm-none-eabi/10.3.1/thumb/v7-m/nofp/crti.o
LOAD c:/users/bristinium/code/usst/stm32/stm32cubeide_1.12.1/stm32cubeide/plugins/com.st.stm32cube.ide.mcu.externaltools.gnu-tools-for-stm32.10.3-2021.10.win32_1.0.200.202301161003/tools/bin/../lib/gcc/arm-none-eabi/10.3.1/thumb/v7-m/nofp/crtbegin.o
LOAD c:/users/bristinium/code/usst/stm32/stm32cubeide_1.12.1/stm32cubeide/plugins/com.st.stm32cube.ide.mcu.externaltools.gnu-tools-for-stm32.10.3-2021.10.win32_1.0.200.202301161003/tools/bin/../lib/gcc/arm-none-eabi/10.3.1/../../../../arm-none-eabi/lib/thumb/v7-m/nofp/crt0.o
LOAD ./Core/Src/builtin_led/BuiltinLed.o
LOAD ./Core/Src/debug_printer/debug_printer.o
LOAD ./Core/Src/freertos.o
LOAD ./Core/Src/main.o
LOAD ./Core/Src/stm32f1xx_hal_msp.o
LOAD ./Core/Src/stm32f1xx_hal_timebase_tim.o
LOAD ./Core/Src/stm32f1xx_it.o
LOAD ./Core/Src/syscalls.o
LOAD ./Core/Src/sysmem.o
LOAD ./Core/Src/system_stm32f1xx.o
LOAD ./Core/Startup/startup_stm32f103rbtx.o
LOAD ./Drivers/STM32F1xx_HAL_Driver/Src/stm32f1xx_hal.o
LOAD ./Drivers/STM32F1xx_HAL_Driver/Src/stm32f1xx_hal_cortex.o
LOAD ./Drivers/STM32F1xx_HAL_Driver/Src/stm32f1xx_hal_dma.o
LOAD ./Drivers/STM32F1xx_HAL_Driver/Src/stm32f1xx_hal_exti.o
LOAD ./Drivers/STM32F1xx_HAL_Driver/Src/stm32f1xx_hal_flash.o
LOAD ./Drivers/STM32F1xx_HAL_Driver/Src/stm32f1xx_hal_flash_ex.o
LOAD ./Drivers/STM32F1xx_HAL_Driver/Src/stm32f1xx_hal_gpio.o
LOAD ./Drivers/STM32F1xx_HAL_Driver/Src/stm32f1xx_hal_gpio_ex.o
LOAD ./Drivers/STM32F1xx_HAL_Driver/Src/stm32f1xx_hal_pwr.o
LOAD ./Drivers/STM32F1xx_HAL_Driver/Src/stm32f1xx_hal_rcc.o
LOAD ./Drivers/STM32F1xx_HAL_Driver/Src/stm32f1xx_hal_rcc_ex.o
LOAD ./Drivers/STM32F1xx_HAL_Driver/Src/stm32f1xx_hal_tim.o
LOAD ./Drivers/STM32F1xx_HAL_Driver/Src/stm32f1xx_hal_tim_ex.o
LOAD ./Drivers/STM32F1xx_HAL_Driver/Src/stm32f1xx_hal_uart.o
LOAD ./Middlewares/Third_Party/FreeRTOS/Source/CMSIS_RTOS/cmsis_os.o
LOAD ./Middlewares/Third_Party/FreeRTOS/Source/croutine.o
LOAD ./Middlewares/Third_Party/FreeRTOS/Source/event_groups.o
LOAD ./Middlewares/Third_Party/FreeRTOS/Source/list.o
LOAD ./Middlewares/Third_Party/FreeRTOS/Source/queue.o
LOAD ./Middlewares/Third_Party/FreeRTOS/Source/stream_buffer.o
LOAD ./Middlewares/Third_Party/FreeRTOS/Source/tasks.o
LOAD ./Middlewares/Third_Party/FreeRTOS/Source/timers.o
LOAD ./Middlewares/Third_Party/FreeRTOS/Source/portable/GCC/ARM_CM3/port.o
LOAD ./Middlewares/Third_Party/FreeRTOS/Source/portable/MemMang/heap_4.o
START GROUP
LOAD c:/users/bristinium/code/usst/stm32/stm32cubeide_1.12.1/stm32cubeide/plugins/com.st.stm32cube.ide.mcu.externaltools.gnu-tools-for-stm32.10.3-2021.10.win32_1.0.200.202301161003/tools/bin/../lib/gcc/arm-none-eabi/10.3.1/../../../../arm-none-eabi/lib/thumb/v7-m/nofp\libstdc++_nano.a
LOAD c:/users/bristinium/code/usst/stm32/stm32cubeide_1.12.1/stm32cubeide/plugins/com.st.stm32cube.ide.mcu.externaltools.gnu-tools-for-stm32.10.3-2021.10.win32_1.0.200.202301161003/tools/bin/../lib/gcc/arm-none-eabi/10.3.1/../../../../arm-none-eabi/lib/thumb/v7-m/nofp\libsupc++_nano.a
END GROUP
LOAD c:/users/bristinium/code/usst/stm32/stm32cubeide_1.12.1/stm32cubeide/plugins/com.st.stm32cube.ide.mcu.externaltools.gnu-tools-for-stm32.10.3-2021.10.win32_1.0.200.202301161003/tools/bin/../lib/gcc/arm-none-eabi/10.3.1/../../../../arm-none-eabi/lib/thumb/v7-m/nofp\libstdc++_nano.a
LOAD c:/users/bristinium/code/usst/stm32/stm32cubeide_1.12.1/stm32cubeide/plugins/com.st.stm32cube.ide.mcu.externaltools.gnu-tools-for-stm32.10.3-2021.10.win32_1.0.200.202301161003/tools/bin/../lib/gcc/arm-none-eabi/10.3.1/../../../../arm-none-eabi/lib/thumb/v7-m/nofp\libm.a
LOAD c:/users/bristinium/code/usst/stm32/stm32cubeide_1.12.1/stm32cubeide/plugins/com.st.stm32cube.ide.mcu.externaltools.gnu-tools-for-stm32.10.3-2021.10.win32_1.0.200.202301161003/tools/bin/../lib/gcc/arm-none-eabi/10.3.1/../../../../arm-none-eabi/lib/thumb/v7-m/nofp\libc_nano.a
START GROUP
LOAD c:/users/bristinium/code/usst/stm32/stm32cubeide_1.12.1/stm32cubeide/plugins/com.st.stm32cube.ide.mcu.externaltools.gnu-tools-for-stm32.10.3-2021.10.win32_1.0.200.202301161003/tools/bin/../lib/gcc/arm-none-eabi/10.3.1/thumb/v7-m/nofp\libgcc.a
LOAD c:/users/bristinium/code/usst/stm32/stm32cubeide_1.12.1/stm32cubeide/plugins/com.st.stm32cube.ide.mcu.externaltools.gnu-tools-for-stm32.10.3-2021.10.win32_1.0.200.202301161003/tools/bin/../lib/gcc/arm-none-eabi/10.3.1/../../../../arm-none-eabi/lib/thumb/v7-m/nofp\libc_nano.a
END GROUP
START GROUP
LOAD c:/users/bristinium/code/usst/stm32/stm32cubeide_1.12.1/stm32cubeide/plugins/com.st.stm32cube.ide.mcu.externaltools.gnu-tools-for-stm32.10.3-2021.10.win32_1.0.200.202301161003/tools/bin/../lib/gcc/arm-none-eabi/10.3.1/thumb/v7-m/nofp\libgcc.a
LOAD c:/users/bristinium/code/usst/stm32/stm32cubeide_1.12.1/stm32cubeide/plugins/com.st.stm32cube.ide.mcu.externaltools.gnu-tools-for-stm32.10.3-2021.10.win32_1.0.200.202301161003/tools/bin/../lib/gcc/arm-none-eabi/10.3.1/../../../../arm-none-eabi/lib/thumb/v7-m/nofp\libc_nano.a
LOAD c:/users/bristinium/code/usst/stm32/stm32cubeide_1.12.1/stm32cubeide/plugins/com.st.stm32cube.ide.mcu.externaltools.gnu-tools-for-stm32.10.3-2021.10.win32_1.0.200.202301161003/tools/bin/../lib/gcc/arm-none-eabi/10.3.1/../../../../arm-none-eabi/lib/thumb/v7-m/nofp\libnosys.a
END GROUP
START GROUP
LOAD c:/users/bristinium/code/usst/stm32/stm32cubeide_1.12.1/stm32cubeide/plugins/com.st.stm32cube.ide.mcu.externaltools.gnu-tools-for-stm32.10.3-2021.10.win32_1.0.200.202301161003/tools/bin/../lib/gcc/arm-none-eabi/10.3.1/thumb/v7-m/nofp\libgcc.a
LOAD c:/users/bristinium/code/usst/stm32/stm32cubeide_1.12.1/stm32cubeide/plugins/com.st.stm32cube.ide.mcu.externaltools.gnu-tools-for-stm32.10.3-2021.10.win32_1.0.200.202301161003/tools/bin/../lib/gcc/arm-none-eabi/10.3.1/../../../../arm-none-eabi/lib/thumb/v7-m/nofp\libc_nano.a
LOAD c:/users/bristinium/code/usst/stm32/stm32cubeide_1.12.1/stm32cubeide/plugins/com.st.stm32cube.ide.mcu.externaltools.gnu-tools-for-stm32.10.3-2021.10.win32_1.0.200.202301161003/tools/bin/../lib/gcc/arm-none-eabi/10.3.1/../../../../arm-none-eabi/lib/thumb/v7-m/nofp\libnosys.a
END GROUP
LOAD c:/users/bristinium/code/usst/stm32/stm32cubeide_1.12.1/stm32cubeide/plugins/com.st.stm32cube.ide.mcu.externaltools.gnu-tools-for-stm32.10.3-2021.10.win32_1.0.200.202301161003/tools/bin/../lib/gcc/arm-none-eabi/10.3.1/thumb/v7-m/nofp/crtend.o
LOAD c:/users/bristinium/code/usst/stm32/stm32cubeide_1.12.1/stm32cubeide/plugins/com.st.stm32cube.ide.mcu.externaltools.gnu-tools-for-stm32.10.3-2021.10.win32_1.0.200.202301161003/tools/bin/../lib/gcc/arm-none-eabi/10.3.1/thumb/v7-m/nofp/crtn.o
                0x0000000020005000                _estack = (ORIGIN (RAM) + LENGTH (RAM))
                0x0000000000000200                _Min_Heap_Size = 0x200
                0x0000000000000400                _Min_Stack_Size = 0x400

.isr_vector     0x0000000008000000      0x10c
                0x0000000008000000                . = ALIGN (0x4)
 *(.isr_vector)
 .isr_vector    0x0000000008000000      0x10c ./Core/Startup/startup_stm32f103rbtx.o
                0x0000000008000000                g_pfnVectors
                0x000000000800010c                . = ALIGN (0x4)

.text           0x0000000008000110     0x2ffc
                0x0000000008000110                . = ALIGN (0x4)
 *(.text)
 .text          0x0000000008000110       0x40 c:/users/bristinium/code/usst/stm32/stm32cubeide_1.12.1/stm32cubeide/plugins/com.st.stm32cube.ide.mcu.externaltools.gnu-tools-for-stm32.10.3-2021.10.win32_1.0.200.202301161003/tools/bin/../lib/gcc/arm-none-eabi/10.3.1/thumb/v7-m/nofp/crtbegin.o
 .text          0x0000000008000150       0x10 c:/users/bristinium/code/usst/stm32/stm32cubeide_1.12.1/stm32cubeide/plugins/com.st.stm32cube.ide.mcu.externaltools.gnu-tools-for-stm32.10.3-2021.10.win32_1.0.200.202301161003/tools/bin/../lib/gcc/arm-none-eabi/10.3.1/../../../../arm-none-eabi/lib/thumb/v7-m/nofp\libc_nano.a(lib_a-strlen.o)
                0x0000000008000150                strlen
 *(.text*)
 .text.uart_init
                0x0000000008000160       0x30 ./Core/Src/debug_printer/debug_printer.o
                0x0000000008000160                uart_init
 .text.debug_print
                0x0000000008000190       0x2c ./Core/Src/debug_printer/debug_printer.o
                0x0000000008000190                debug_print
 .text.vApplicationGetIdleTaskMemory
                0x00000000080001bc       0x30 ./Core/Src/freertos.o
                0x00000000080001bc                vApplicationGetIdleTaskMemory
 .text.main     0x00000000080001ec       0x9c ./Core/Src/main.o
                0x00000000080001ec                main
 .text.SystemClock_Config
                0x0000000008000288       0x76 ./Core/Src/main.o
                0x0000000008000288                SystemClock_Config
 *fill*         0x00000000080002fe        0x2 
 .text.MX_USART2_UART_Init
                0x0000000008000300       0x54 ./Core/Src/main.o
 .text.MX_GPIO_Init
                0x0000000008000354       0x64 ./Core/Src/main.o
 .text.StartTurnLedOn
                0x00000000080003b8       0x2c ./Core/Src/main.o
                0x00000000080003b8                StartTurnLedOn
 .text.StartTurnLedOff
                0x00000000080003e4       0x2c ./Core/Src/main.o
                0x00000000080003e4                StartTurnLedOff
 .text.HAL_TIM_PeriodElapsedCallback
                0x0000000008000410       0x24 ./Core/Src/main.o
                0x0000000008000410                HAL_TIM_PeriodElapsedCallback
 .text.Error_Handler
                0x0000000008000434        0xa ./Core/Src/main.o
                0x0000000008000434                Error_Handler
 *fill*         0x000000000800043e        0x2 
 .text.HAL_MspInit
                0x0000000008000440       0x70 ./Core/Src/stm32f1xx_hal_msp.o
                0x0000000008000440                HAL_MspInit
 .text.HAL_UART_MspInit
                0x00000000080004b0       0x94 ./Core/Src/stm32f1xx_hal_msp.o
                0x00000000080004b0                HAL_UART_MspInit
 .text.HAL_InitTick
                0x0000000008000544       0xe4 ./Core/Src/stm32f1xx_hal_timebase_tim.o
                0x0000000008000544                HAL_InitTick
 .text.NMI_Handler
                0x0000000008000628        0x6 ./Core/Src/stm32f1xx_it.o
                0x0000000008000628                NMI_Handler
 .text.HardFault_Handler
                0x000000000800062e        0x6 ./Core/Src/stm32f1xx_it.o
                0x000000000800062e                HardFault_Handler
 .text.MemManage_Handler
                0x0000000008000634        0x6 ./Core/Src/stm32f1xx_it.o
                0x0000000008000634                MemManage_Handler
 .text.BusFault_Handler
                0x000000000800063a        0x6 ./Core/Src/stm32f1xx_it.o
                0x000000000800063a                BusFault_Handler
 .text.UsageFault_Handler
                0x0000000008000640        0x6 ./Core/Src/stm32f1xx_it.o
                0x0000000008000640                UsageFault_Handler
 .text.DebugMon_Handler
                0x0000000008000646        0xc ./Core/Src/stm32f1xx_it.o
                0x0000000008000646                DebugMon_Handler
 *fill*         0x0000000008000652        0x2 
 .text.TIM1_UP_IRQHandler
                0x0000000008000654       0x14 ./Core/Src/stm32f1xx_it.o
                0x0000000008000654                TIM1_UP_IRQHandler
 .text.SystemInit
                0x0000000008000668        0xc ./Core/Src/system_stm32f1xx.o
                0x0000000008000668                SystemInit
 .text.Reset_Handler
                0x0000000008000674       0x48 ./Core/Startup/startup_stm32f103rbtx.o
                0x0000000008000674                Reset_Handler
 .text.Default_Handler
                0x00000000080006bc        0x2 ./Core/Startup/startup_stm32f103rbtx.o
                0x00000000080006bc                RTC_Alarm_IRQHandler
                0x00000000080006bc                EXTI2_IRQHandler
                0x00000000080006bc                TIM1_CC_IRQHandler
                0x00000000080006bc                PVD_IRQHandler
                0x00000000080006bc                EXTI3_IRQHandler
                0x00000000080006bc                EXTI0_IRQHandler
                0x00000000080006bc                I2C2_EV_IRQHandler
                0x00000000080006bc                ADC1_2_IRQHandler
                0x00000000080006bc                SPI1_IRQHandler
                0x00000000080006bc                TAMPER_IRQHandler
                0x00000000080006bc                DMA1_Channel4_IRQHandler
                0x00000000080006bc                USART3_IRQHandler
                0x00000000080006bc                RTC_IRQHandler
                0x00000000080006bc                DMA1_Channel7_IRQHandler
                0x00000000080006bc                CAN1_RX1_IRQHandler
                0x00000000080006bc                TIM4_IRQHandler
                0x00000000080006bc                I2C1_EV_IRQHandler
                0x00000000080006bc                DMA1_Channel6_IRQHandler
                0x00000000080006bc                TIM3_IRQHandler
                0x00000000080006bc                RCC_IRQHandler
                0x00000000080006bc                TIM1_TRG_COM_IRQHandler
                0x00000000080006bc                DMA1_Channel1_IRQHandler
                0x00000000080006bc                Default_Handler
                0x00000000080006bc                EXTI15_10_IRQHandler
                0x00000000080006bc                EXTI9_5_IRQHandler
                0x00000000080006bc                SPI2_IRQHandler
                0x00000000080006bc                DMA1_Channel5_IRQHandler
                0x00000000080006bc                EXTI4_IRQHandler
                0x00000000080006bc                USB_LP_CAN1_RX0_IRQHandler
                0x00000000080006bc                USB_HP_CAN1_TX_IRQHandler
                0x00000000080006bc                DMA1_Channel3_IRQHandler
                0x00000000080006bc                WWDG_IRQHandler
                0x00000000080006bc                TIM2_IRQHandler
                0x00000000080006bc                TIM1_BRK_IRQHandler
                0x00000000080006bc                EXTI1_IRQHandler
                0x00000000080006bc                USART2_IRQHandler
                0x00000000080006bc                I2C2_ER_IRQHandler
                0x00000000080006bc                DMA1_Channel2_IRQHandler
                0x00000000080006bc                CAN1_SCE_IRQHandler
                0x00000000080006bc                FLASH_IRQHandler
                0x00000000080006bc                USART1_IRQHandler
                0x00000000080006bc                I2C1_ER_IRQHandler
                0x00000000080006bc                USBWakeUp_IRQHandler
 *fill*         0x00000000080006be        0x2 
 .text.HAL_Init
                0x00000000080006c0       0x2c ./Drivers/STM32F1xx_HAL_Driver/Src/stm32f1xx_hal.o
                0x00000000080006c0                HAL_Init
 .text.HAL_IncTick
                0x00000000080006ec       0x24 ./Drivers/STM32F1xx_HAL_Driver/Src/stm32f1xx_hal.o
                0x00000000080006ec                HAL_IncTick
 .text.HAL_GetTick
                0x0000000008000710       0x14 ./Drivers/STM32F1xx_HAL_Driver/Src/stm32f1xx_hal.o
                0x0000000008000710                HAL_GetTick
 .text.__NVIC_SetPriorityGrouping
                0x0000000008000724       0x48 ./Drivers/STM32F1xx_HAL_Driver/Src/stm32f1xx_hal_cortex.o
 .text.__NVIC_GetPriorityGrouping
                0x000000000800076c       0x1c ./Drivers/STM32F1xx_HAL_Driver/Src/stm32f1xx_hal_cortex.o
 .text.__NVIC_EnableIRQ
                0x0000000008000788       0x38 ./Drivers/STM32F1xx_HAL_Driver/Src/stm32f1xx_hal_cortex.o
 .text.__NVIC_SetPriority
                0x00000000080007c0       0x54 ./Drivers/STM32F1xx_HAL_Driver/Src/stm32f1xx_hal_cortex.o
 .text.NVIC_EncodePriority
                0x0000000008000814       0x64 ./Drivers/STM32F1xx_HAL_Driver/Src/stm32f1xx_hal_cortex.o
 .text.HAL_NVIC_SetPriorityGrouping
                0x0000000008000878       0x16 ./Drivers/STM32F1xx_HAL_Driver/Src/stm32f1xx_hal_cortex.o
                0x0000000008000878                HAL_NVIC_SetPriorityGrouping
 .text.HAL_NVIC_SetPriority
                0x000000000800088e       0x38 ./Drivers/STM32F1xx_HAL_Driver/Src/stm32f1xx_hal_cortex.o
                0x000000000800088e                HAL_NVIC_SetPriority
 .text.HAL_NVIC_EnableIRQ
                0x00000000080008c6       0x1c ./Drivers/STM32F1xx_HAL_Driver/Src/stm32f1xx_hal_cortex.o
                0x00000000080008c6                HAL_NVIC_EnableIRQ
 *fill*         0x00000000080008e2        0x2 
 .text.HAL_GPIO_Init
                0x00000000080008e4      0x308 ./Drivers/STM32F1xx_HAL_Driver/Src/stm32f1xx_hal_gpio.o
                0x00000000080008e4                HAL_GPIO_Init
 .text.HAL_GPIO_WritePin
                0x0000000008000bec       0x30 ./Drivers/STM32F1xx_HAL_Driver/Src/stm32f1xx_hal_gpio.o
                0x0000000008000bec                HAL_GPIO_WritePin
 .text.HAL_RCC_OscConfig
                0x0000000008000c1c      0x504 ./Drivers/STM32F1xx_HAL_Driver/Src/stm32f1xx_hal_rcc.o
                0x0000000008000c1c                HAL_RCC_OscConfig
 .text.HAL_RCC_ClockConfig
                0x0000000008001120      0x1d4 ./Drivers/STM32F1xx_HAL_Driver/Src/stm32f1xx_hal_rcc.o
                0x0000000008001120                HAL_RCC_ClockConfig
 .text.HAL_RCC_GetSysClockFreq
                0x00000000080012f4       0xa8 ./Drivers/STM32F1xx_HAL_Driver/Src/stm32f1xx_hal_rcc.o
                0x00000000080012f4                HAL_RCC_GetSysClockFreq
 .text.HAL_RCC_GetHCLKFreq
                0x000000000800139c       0x14 ./Drivers/STM32F1xx_HAL_Driver/Src/stm32f1xx_hal_rcc.o
                0x000000000800139c                HAL_RCC_GetHCLKFreq
 .text.HAL_RCC_GetPCLK1Freq
                0x00000000080013b0       0x28 ./Drivers/STM32F1xx_HAL_Driver/Src/stm32f1xx_hal_rcc.o
                0x00000000080013b0                HAL_RCC_GetPCLK1Freq
 .text.HAL_RCC_GetPCLK2Freq
                0x00000000080013d8       0x28 ./Drivers/STM32F1xx_HAL_Driver/Src/stm32f1xx_hal_rcc.o
                0x00000000080013d8                HAL_RCC_GetPCLK2Freq
 .text.HAL_RCC_GetClockConfig
                0x0000000008001400       0x60 ./Drivers/STM32F1xx_HAL_Driver/Src/stm32f1xx_hal_rcc.o
                0x0000000008001400                HAL_RCC_GetClockConfig
 .text.RCC_Delay
                0x0000000008001460       0x3c ./Drivers/STM32F1xx_HAL_Driver/Src/stm32f1xx_hal_rcc.o
 .text.HAL_TIM_Base_Init
                0x000000000800149c       0x9e ./Drivers/STM32F1xx_HAL_Driver/Src/stm32f1xx_hal_tim.o
                0x000000000800149c                HAL_TIM_Base_Init
 .text.HAL_TIM_Base_MspInit
                0x000000000800153a       0x12 ./Drivers/STM32F1xx_HAL_Driver/Src/stm32f1xx_hal_tim.o
                0x000000000800153a                HAL_TIM_Base_MspInit
 .text.HAL_TIM_Base_Start_IT
                0x000000000800154c       0xa4 ./Drivers/STM32F1xx_HAL_Driver/Src/stm32f1xx_hal_tim.o
                0x000000000800154c                HAL_TIM_Base_Start_IT
 .text.HAL_TIM_IRQHandler
                0x00000000080015f0      0x210 ./Drivers/STM32F1xx_HAL_Driver/Src/stm32f1xx_hal_tim.o
                0x00000000080015f0                HAL_TIM_IRQHandler
 .text.HAL_TIM_OC_DelayElapsedCallback
                0x0000000008001800       0x12 ./Drivers/STM32F1xx_HAL_Driver/Src/stm32f1xx_hal_tim.o
                0x0000000008001800                HAL_TIM_OC_DelayElapsedCallback
 .text.HAL_TIM_IC_CaptureCallback
                0x0000000008001812       0x12 ./Drivers/STM32F1xx_HAL_Driver/Src/stm32f1xx_hal_tim.o
                0x0000000008001812                HAL_TIM_IC_CaptureCallback
 .text.HAL_TIM_PWM_PulseFinishedCallback
                0x0000000008001824       0x12 ./Drivers/STM32F1xx_HAL_Driver/Src/stm32f1xx_hal_tim.o
                0x0000000008001824                HAL_TIM_PWM_PulseFinishedCallback
 .text.HAL_TIM_TriggerCallback
                0x0000000008001836       0x12 ./Drivers/STM32F1xx_HAL_Driver/Src/stm32f1xx_hal_tim.o
                0x0000000008001836                HAL_TIM_TriggerCallback
 .text.TIM_Base_SetConfig
                0x0000000008001848       0xc4 ./Drivers/STM32F1xx_HAL_Driver/Src/stm32f1xx_hal_tim.o
                0x0000000008001848                TIM_Base_SetConfig
 .text.HAL_TIMEx_CommutCallback
                0x000000000800190c       0x12 ./Drivers/STM32F1xx_HAL_Driver/Src/stm32f1xx_hal_tim_ex.o
                0x000000000800190c                HAL_TIMEx_CommutCallback
 .text.HAL_TIMEx_BreakCallback
                0x000000000800191e       0x12 ./Drivers/STM32F1xx_HAL_Driver/Src/stm32f1xx_hal_tim_ex.o
                0x000000000800191e                HAL_TIMEx_BreakCallback
 .text.HAL_UART_Init
                0x0000000008001930       0xa0 ./Drivers/STM32F1xx_HAL_Driver/Src/stm32f1xx_hal_uart.o
                0x0000000008001930                HAL_UART_Init
 .text.HAL_UART_Transmit
                0x00000000080019d0      0x106 ./Drivers/STM32F1xx_HAL_Driver/Src/stm32f1xx_hal_uart.o
                0x00000000080019d0                HAL_UART_Transmit
 .text.UART_WaitOnFlagUntilTimeout
                0x0000000008001ad6       0xdc ./Drivers/STM32F1xx_HAL_Driver/Src/stm32f1xx_hal_uart.o
 *fill*         0x0000000008001bb2        0x2 
 .text.UART_SetConfig
                0x0000000008001bb4      0x11c ./Drivers/STM32F1xx_HAL_Driver/Src/stm32f1xx_hal_uart.o
 .text.makeFreeRtosPriority
                0x0000000008001cd0       0x2e ./Middlewares/Third_Party/FreeRTOS/Source/CMSIS_RTOS/cmsis_os.o
 .text.osKernelStart
                0x0000000008001cfe        0xe ./Middlewares/Third_Party/FreeRTOS/Source/CMSIS_RTOS/cmsis_os.o
                0x0000000008001cfe                osKernelStart
 .text.osThreadCreate
                0x0000000008001d0c       0x98 ./Middlewares/Third_Party/FreeRTOS/Source/CMSIS_RTOS/cmsis_os.o
                0x0000000008001d0c                osThreadCreate
 .text.osDelay  0x0000000008001da4       0x28 ./Middlewares/Third_Party/FreeRTOS/Source/CMSIS_RTOS/cmsis_os.o
                0x0000000008001da4                osDelay
 .text.vListInitialise
                0x0000000008001dcc       0x3e ./Middlewares/Third_Party/FreeRTOS/Source/list.o
                0x0000000008001dcc                vListInitialise
 .text.vListInitialiseItem
                0x0000000008001e0a       0x18 ./Middlewares/Third_Party/FreeRTOS/Source/list.o
                0x0000000008001e0a                vListInitialiseItem
 .text.vListInsertEnd
                0x0000000008001e22       0x46 ./Middlewares/Third_Party/FreeRTOS/Source/list.o
                0x0000000008001e22                vListInsertEnd
 .text.vListInsert
                0x0000000008001e68       0x70 ./Middlewares/Third_Party/FreeRTOS/Source/list.o
                0x0000000008001e68                vListInsert
 .text.uxListRemove
                0x0000000008001ed8       0x52 ./Middlewares/Third_Party/FreeRTOS/Source/list.o
                0x0000000008001ed8                uxListRemove
 .text.xTaskCreateStatic
                0x0000000008001f2a       0xb8 ./Middlewares/Third_Party/FreeRTOS/Source/tasks.o
                0x0000000008001f2a                xTaskCreateStatic
 .text.xTaskCreate
                0x0000000008001fe2       0x8a ./Middlewares/Third_Party/FreeRTOS/Source/tasks.o
                0x0000000008001fe2                xTaskCreate
 .text.prvInitialiseNewTask
                0x000000000800206c       0xfe ./Middlewares/Third_Party/FreeRTOS/Source/tasks.o
 *fill*         0x000000000800216a        0x2 
 .text.prvAddNewTaskToReadyList
                0x000000000800216c       0xd4 ./Middlewares/Third_Party/FreeRTOS/Source/tasks.o
 .text.vTaskDelay
                0x0000000008002240       0x68 ./Middlewares/Third_Party/FreeRTOS/Source/tasks.o
                0x0000000008002240                vTaskDelay
 .text.vTaskStartScheduler
                0x00000000080022a8       0xc0 ./Middlewares/Third_Party/FreeRTOS/Source/tasks.o
                0x00000000080022a8                vTaskStartScheduler
 .text.vTaskSuspendAll
                0x0000000008002368       0x1c ./Middlewares/Third_Party/FreeRTOS/Source/tasks.o
                0x0000000008002368                vTaskSuspendAll
 .text.xTaskResumeAll
                0x0000000008002384      0x138 ./Middlewares/Third_Party/FreeRTOS/Source/tasks.o
                0x0000000008002384                xTaskResumeAll
 .text.xTaskIncrementTick
                0x00000000080024bc      0x17c ./Middlewares/Third_Party/FreeRTOS/Source/tasks.o
                0x00000000080024bc                xTaskIncrementTick
 .text.vTaskSwitchContext
                0x0000000008002638       0xb4 ./Middlewares/Third_Party/FreeRTOS/Source/tasks.o
                0x0000000008002638                vTaskSwitchContext
 .text.prvIdleTask
                0x00000000080026ec       0x30 ./Middlewares/Third_Party/FreeRTOS/Source/tasks.o
 .text.prvInitialiseTaskLists
                0x000000000800271c       0x80 ./Middlewares/Third_Party/FreeRTOS/Source/tasks.o
 .text.prvCheckTasksWaitingTermination
                0x000000000800279c       0x5c ./Middlewares/Third_Party/FreeRTOS/Source/tasks.o
 .text.prvDeleteTCB
                0x00000000080027f8       0x5e ./Middlewares/Third_Party/FreeRTOS/Source/tasks.o
 *fill*         0x0000000008002856        0x2 
 .text.prvResetNextTaskUnblockTime
                0x0000000008002858       0x48 ./Middlewares/Third_Party/FreeRTOS/Source/tasks.o
 .text.prvAddCurrentTaskToDelayedList
                0x00000000080028a0       0xcc ./Middlewares/Third_Party/FreeRTOS/Source/tasks.o
 .text.pxPortInitialiseStack
                0x000000000800296c       0x58 ./Middlewares/Third_Party/FreeRTOS/Source/portable/GCC/ARM_CM3/port.o
                0x000000000800296c                pxPortInitialiseStack
 .text.prvTaskExitError
                0x00000000080029c4       0x58 ./Middlewares/Third_Party/FreeRTOS/Source/portable/GCC/ARM_CM3/port.o
 *fill*         0x0000000008002a1c        0x4 
 .text.SVC_Handler
                0x0000000008002a20       0x28 ./Middlewares/Third_Party/FreeRTOS/Source/portable/GCC/ARM_CM3/port.o
                0x0000000008002a20                SVC_Handler
 .text.prvPortStartFirstTask
                0x0000000008002a48       0x20 ./Middlewares/Third_Party/FreeRTOS/Source/portable/GCC/ARM_CM3/port.o
 .text.xPortStartScheduler
                0x0000000008002a68       0xe4 ./Middlewares/Third_Party/FreeRTOS/Source/portable/GCC/ARM_CM3/port.o
                0x0000000008002a68                xPortStartScheduler
 .text.vPortEnterCritical
                0x0000000008002b4c       0x60 ./Middlewares/Third_Party/FreeRTOS/Source/portable/GCC/ARM_CM3/port.o
                0x0000000008002b4c                vPortEnterCritical
 .text.vPortExitCritical
                0x0000000008002bac       0x50 ./Middlewares/Third_Party/FreeRTOS/Source/portable/GCC/ARM_CM3/port.o
                0x0000000008002bac                vPortExitCritical
 *fill*         0x0000000008002bfc        0x4 
 .text.PendSV_Handler
                0x0000000008002c00       0x48 ./Middlewares/Third_Party/FreeRTOS/Source/portable/GCC/ARM_CM3/port.o
                0x0000000008002c00                PendSV_Handler
 .text.SysTick_Handler
                0x0000000008002c48       0x44 ./Middlewares/Third_Party/FreeRTOS/Source/portable/GCC/ARM_CM3/port.o
                0x0000000008002c48                SysTick_Handler
 .text.vPortSetupTimerInterrupt
                0x0000000008002c8c       0x44 ./Middlewares/Third_Party/FreeRTOS/Source/portable/GCC/ARM_CM3/port.o
                0x0000000008002c8c                vPortSetupTimerInterrupt
 .text.pvPortMalloc
                0x0000000008002cd0      0x188 ./Middlewares/Third_Party/FreeRTOS/Source/portable/MemMang/heap_4.o
                0x0000000008002cd0                pvPortMalloc
 .text.vPortFree
                0x0000000008002e58       0xb4 ./Middlewares/Third_Party/FreeRTOS/Source/portable/MemMang/heap_4.o
                0x0000000008002e58                vPortFree
 .text.prvHeapInit
                0x0000000008002f0c       0xc4 ./Middlewares/Third_Party/FreeRTOS/Source/portable/MemMang/heap_4.o
 .text.prvInsertBlockIntoFreeList
                0x0000000008002fd0       0xb0 ./Middlewares/Third_Party/FreeRTOS/Source/portable/MemMang/heap_4.o
 .text.__libc_init_array
                0x0000000008003080       0x48 c:/users/bristinium/code/usst/stm32/stm32cubeide_1.12.1/stm32cubeide/plugins/com.st.stm32cube.ide.mcu.externaltools.gnu-tools-for-stm32.10.3-2021.10.win32_1.0.200.202301161003/tools/bin/../lib/gcc/arm-none-eabi/10.3.1/../../../../arm-none-eabi/lib/thumb/v7-m/nofp\libc_nano.a(lib_a-init.o)
                0x0000000008003080                __libc_init_array
 .text.memcpy   0x00000000080030c8       0x1c c:/users/bristinium/code/usst/stm32/stm32cubeide_1.12.1/stm32cubeide/plugins/com.st.stm32cube.ide.mcu.externaltools.gnu-tools-for-stm32.10.3-2021.10.win32_1.0.200.202301161003/tools/bin/../lib/gcc/arm-none-eabi/10.3.1/../../../../arm-none-eabi/lib/thumb/v7-m/nofp\libc_nano.a(lib_a-memcpy-stub.o)
                0x00000000080030c8                memcpy
 .text.memset   0x00000000080030e4       0x10 c:/users/bristinium/code/usst/stm32/stm32cubeide_1.12.1/stm32cubeide/plugins/com.st.stm32cube.ide.mcu.externaltools.gnu-tools-for-stm32.10.3-2021.10.win32_1.0.200.202301161003/tools/bin/../lib/gcc/arm-none-eabi/10.3.1/../../../../arm-none-eabi/lib/thumb/v7-m/nofp\libc_nano.a(lib_a-memset.o)
                0x00000000080030e4                memset
 *(.glue_7)
 .glue_7        0x00000000080030f4        0x0 linker stubs
 *(.glue_7t)
 .glue_7t       0x00000000080030f4        0x0 linker stubs
 *(.eh_frame)
 .eh_frame      0x00000000080030f4        0x0 c:/users/bristinium/code/usst/stm32/stm32cubeide_1.12.1/stm32cubeide/plugins/com.st.stm32cube.ide.mcu.externaltools.gnu-tools-for-stm32.10.3-2021.10.win32_1.0.200.202301161003/tools/bin/../lib/gcc/arm-none-eabi/10.3.1/thumb/v7-m/nofp/crtbegin.o
 *(.init)
 .init          0x00000000080030f4        0x4 c:/users/bristinium/code/usst/stm32/stm32cubeide_1.12.1/stm32cubeide/plugins/com.st.stm32cube.ide.mcu.externaltools.gnu-tools-for-stm32.10.3-2021.10.win32_1.0.200.202301161003/tools/bin/../lib/gcc/arm-none-eabi/10.3.1/thumb/v7-m/nofp/crti.o
                0x00000000080030f4                _init
 .init          0x00000000080030f8        0x8 c:/users/bristinium/code/usst/stm32/stm32cubeide_1.12.1/stm32cubeide/plugins/com.st.stm32cube.ide.mcu.externaltools.gnu-tools-for-stm32.10.3-2021.10.win32_1.0.200.202301161003/tools/bin/../lib/gcc/arm-none-eabi/10.3.1/thumb/v7-m/nofp/crtn.o
 *(.fini)
 .fini          0x0000000008003100        0x4 c:/users/bristinium/code/usst/stm32/stm32cubeide_1.12.1/stm32cubeide/plugins/com.st.stm32cube.ide.mcu.externaltools.gnu-tools-for-stm32.10.3-2021.10.win32_1.0.200.202301161003/tools/bin/../lib/gcc/arm-none-eabi/10.3.1/thumb/v7-m/nofp/crti.o
                0x0000000008003100                _fini
 .fini          0x0000000008003104        0x8 c:/users/bristinium/code/usst/stm32/stm32cubeide_1.12.1/stm32cubeide/plugins/com.st.stm32cube.ide.mcu.externaltools.gnu-tools-for-stm32.10.3-2021.10.win32_1.0.200.202301161003/tools/bin/../lib/gcc/arm-none-eabi/10.3.1/thumb/v7-m/nofp/crtn.o
                0x000000000800310c                . = ALIGN (0x4)
                0x000000000800310c                _etext = .

.vfp11_veneer   0x000000000800310c        0x0
 .vfp11_veneer  0x000000000800310c        0x0 linker stubs

.v4_bx          0x000000000800310c        0x0
 .v4_bx         0x000000000800310c        0x0 linker stubs

.iplt           0x000000000800310c        0x0
 .iplt          0x000000000800310c        0x0 c:/users/bristinium/code/usst/stm32/stm32cubeide_1.12.1/stm32cubeide/plugins/com.st.stm32cube.ide.mcu.externaltools.gnu-tools-for-stm32.10.3-2021.10.win32_1.0.200.202301161003/tools/bin/../lib/gcc/arm-none-eabi/10.3.1/thumb/v7-m/nofp/crtbegin.o

.rodata         0x000000000800310c       0x94
                0x000000000800310c                . = ALIGN (0x4)
 *(.rodata)
 .rodata        0x000000000800310c       0x5f ./Core/Src/main.o
 *fill*         0x000000000800316b        0x1 
 .rodata        0x000000000800316c        0x5 ./Middlewares/Third_Party/FreeRTOS/Source/tasks.o
 *(.rodata*)
 *fill*         0x0000000008003171        0x3 
 .rodata.AHBPrescTable
                0x0000000008003174       0x10 ./Core/Src/system_stm32f1xx.o
                0x0000000008003174                AHBPrescTable
 .rodata.APBPrescTable
                0x0000000008003184        0x8 ./Core/Src/system_stm32f1xx.o
                0x0000000008003184                APBPrescTable
 .rodata.aPLLMULFactorTable.1
                0x000000000800318c       0x10 ./Drivers/STM32F1xx_HAL_Driver/Src/stm32f1xx_hal_rcc.o
 .rodata.aPredivFactorTable.0
                0x000000000800319c        0x2 ./Drivers/STM32F1xx_HAL_Driver/Src/stm32f1xx_hal_rcc.o
                0x00000000080031a0                . = ALIGN (0x4)
 *fill*         0x000000000800319e        0x2 

.rel.dyn        0x00000000080031a0        0x0
 .rel.iplt      0x00000000080031a0        0x0 c:/users/bristinium/code/usst/stm32/stm32cubeide_1.12.1/stm32cubeide/plugins/com.st.stm32cube.ide.mcu.externaltools.gnu-tools-for-stm32.10.3-2021.10.win32_1.0.200.202301161003/tools/bin/../lib/gcc/arm-none-eabi/10.3.1/thumb/v7-m/nofp/crtbegin.o

.ARM.extab      0x00000000080031a0        0x0
                0x00000000080031a0                . = ALIGN (0x4)
 *(.ARM.extab* .gnu.linkonce.armextab.*)
                0x00000000080031a0                . = ALIGN (0x4)

.ARM            0x00000000080031a0        0x0
                0x00000000080031a0                . = ALIGN (0x4)
                0x00000000080031a0                __exidx_start = .
 *(.ARM.exidx*)
                0x00000000080031a0                __exidx_end = .
                0x00000000080031a0                . = ALIGN (0x4)

.preinit_array  0x00000000080031a0        0x0
                0x00000000080031a0                . = ALIGN (0x4)
                0x00000000080031a0                PROVIDE (__preinit_array_start = .)
 *(.preinit_array*)
                0x00000000080031a0                PROVIDE (__preinit_array_end = .)
                0x00000000080031a0                . = ALIGN (0x4)

.init_array     0x00000000080031a0        0x4
                0x00000000080031a0                . = ALIGN (0x4)
                0x00000000080031a0                PROVIDE (__init_array_start = .)
 *(SORT_BY_NAME(.init_array.*))
 *(.init_array*)
 .init_array    0x00000000080031a0        0x4 c:/users/bristinium/code/usst/stm32/stm32cubeide_1.12.1/stm32cubeide/plugins/com.st.stm32cube.ide.mcu.externaltools.gnu-tools-for-stm32.10.3-2021.10.win32_1.0.200.202301161003/tools/bin/../lib/gcc/arm-none-eabi/10.3.1/thumb/v7-m/nofp/crtbegin.o
                0x00000000080031a4                PROVIDE (__init_array_end = .)
                0x00000000080031a4                . = ALIGN (0x4)

.fini_array     0x00000000080031a4        0x4
                0x00000000080031a4                . = ALIGN (0x4)
                [!provide]                        PROVIDE (__fini_array_start = .)
 *(SORT_BY_NAME(.fini_array.*))
 *(.fini_array*)
 .fini_array    0x00000000080031a4        0x4 c:/users/bristinium/code/usst/stm32/stm32cubeide_1.12.1/stm32cubeide/plugins/com.st.stm32cube.ide.mcu.externaltools.gnu-tools-for-stm32.10.3-2021.10.win32_1.0.200.202301161003/tools/bin/../lib/gcc/arm-none-eabi/10.3.1/thumb/v7-m/nofp/crtbegin.o
                [!provide]                        PROVIDE (__fini_array_end = .)
                0x00000000080031a8                . = ALIGN (0x4)
                0x00000000080031a8                _sidata = LOADADDR (.data)

.data           0x0000000020000000       0x10 load address 0x00000000080031a8
                0x0000000020000000                . = ALIGN (0x4)
                0x0000000020000000                _sdata = .
 *(.data)
 *(.data*)
 .data.SystemCoreClock
                0x0000000020000000        0x4 ./Core/Src/system_stm32f1xx.o
                0x0000000020000000                SystemCoreClock
 .data.uwTickPrio
                0x0000000020000004        0x4 ./Drivers/STM32F1xx_HAL_Driver/Src/stm32f1xx_hal.o
                0x0000000020000004                uwTickPrio
 .data.uwTickFreq
                0x0000000020000008        0x1 ./Drivers/STM32F1xx_HAL_Driver/Src/stm32f1xx_hal.o
                0x0000000020000008                uwTickFreq
 *fill*         0x0000000020000009        0x3 
 .data.uxCriticalNesting
                0x000000002000000c        0x4 ./Middlewares/Third_Party/FreeRTOS/Source/portable/GCC/ARM_CM3/port.o
 *(.RamFunc)
 *(.RamFunc*)
                0x0000000020000010                . = ALIGN (0x4)
                0x0000000020000010                _edata = .

.igot.plt       0x0000000020000010        0x0 load address 0x00000000080031b8
 .igot.plt      0x0000000020000010        0x0 c:/users/bristinium/code/usst/stm32/stm32cubeide_1.12.1/stm32cubeide/plugins/com.st.stm32cube.ide.mcu.externaltools.gnu-tools-for-stm32.10.3-2021.10.win32_1.0.200.202301161003/tools/bin/../lib/gcc/arm-none-eabi/10.3.1/thumb/v7-m/nofp/crtbegin.o
                0x0000000020000010                . = ALIGN (0x4)

.bss            0x0000000020000010     0x10a0 load address 0x00000000080031b8
                0x0000000020000010                _sbss = .
                0x0000000020000010                __bss_start__ = _sbss
 *(.bss)
 .bss           0x0000000020000010       0x1c c:/users/bristinium/code/usst/stm32/stm32cubeide_1.12.1/stm32cubeide/plugins/com.st.stm32cube.ide.mcu.externaltools.gnu-tools-for-stm32.10.3-2021.10.win32_1.0.200.202301161003/tools/bin/../lib/gcc/arm-none-eabi/10.3.1/thumb/v7-m/nofp/crtbegin.o
 *(.bss*)
 .bss.debug_uart
                0x000000002000002c       0x48 ./Core/Src/debug_printer/debug_printer.o
                0x000000002000002c                debug_uart
 .bss.xIdleTaskTCBBuffer
                0x0000000020000074       0x54 ./Core/Src/freertos.o
 .bss.xIdleStack
                0x00000000200000c8      0x200 ./Core/Src/freertos.o
 .bss.huart2    0x00000000200002c8       0x48 ./Core/Src/main.o
                0x00000000200002c8                huart2
 .bss.turnLedOnHandle
                0x0000000020000310        0x4 ./Core/Src/main.o
                0x0000000020000310                turnLedOnHandle
 .bss.turnLedOffHandle
                0x0000000020000314        0x4 ./Core/Src/main.o
                0x0000000020000314                turnLedOffHandle
 .bss.htim1     0x0000000020000318       0x48 ./Core/Src/stm32f1xx_hal_timebase_tim.o
                0x0000000020000318                htim1
 .bss.uwTick    0x0000000020000360        0x4 ./Drivers/STM32F1xx_HAL_Driver/Src/stm32f1xx_hal.o
                0x0000000020000360                uwTick
 .bss.pxCurrentTCB
                0x0000000020000364        0x4 ./Middlewares/Third_Party/FreeRTOS/Source/tasks.o
                0x0000000020000364                pxCurrentTCB
 .bss.pxReadyTasksLists
                0x0000000020000368       0x8c ./Middlewares/Third_Party/FreeRTOS/Source/tasks.o
 .bss.xDelayedTaskList1
                0x00000000200003f4       0x14 ./Middlewares/Third_Party/FreeRTOS/Source/tasks.o
 .bss.xDelayedTaskList2
                0x0000000020000408       0x14 ./Middlewares/Third_Party/FreeRTOS/Source/tasks.o
 .bss.pxDelayedTaskList
                0x000000002000041c        0x4 ./Middlewares/Third_Party/FreeRTOS/Source/tasks.o
 .bss.pxOverflowDelayedTaskList
                0x0000000020000420        0x4 ./Middlewares/Third_Party/FreeRTOS/Source/tasks.o
 .bss.xPendingReadyList
                0x0000000020000424       0x14 ./Middlewares/Third_Party/FreeRTOS/Source/tasks.o
 .bss.xTasksWaitingTermination
                0x0000000020000438       0x14 ./Middlewares/Third_Party/FreeRTOS/Source/tasks.o
 .bss.uxDeletedTasksWaitingCleanUp
                0x000000002000044c        0x4 ./Middlewares/Third_Party/FreeRTOS/Source/tasks.o
 .bss.xSuspendedTaskList
                0x0000000020000450       0x14 ./Middlewares/Third_Party/FreeRTOS/Source/tasks.o
 .bss.uxCurrentNumberOfTasks
                0x0000000020000464        0x4 ./Middlewares/Third_Party/FreeRTOS/Source/tasks.o
 .bss.xTickCount
                0x0000000020000468        0x4 ./Middlewares/Third_Party/FreeRTOS/Source/tasks.o
 .bss.uxTopReadyPriority
                0x000000002000046c        0x4 ./Middlewares/Third_Party/FreeRTOS/Source/tasks.o
 .bss.xSchedulerRunning
                0x0000000020000470        0x4 ./Middlewares/Third_Party/FreeRTOS/Source/tasks.o
 .bss.uxPendedTicks
                0x0000000020000474        0x4 ./Middlewares/Third_Party/FreeRTOS/Source/tasks.o
 .bss.xYieldPending
                0x0000000020000478        0x4 ./Middlewares/Third_Party/FreeRTOS/Source/tasks.o
 .bss.xNumOfOverflows
                0x000000002000047c        0x4 ./Middlewares/Third_Party/FreeRTOS/Source/tasks.o
 .bss.uxTaskNumber
                0x0000000020000480        0x4 ./Middlewares/Third_Party/FreeRTOS/Source/tasks.o
 .bss.xNextTaskUnblockTime
                0x0000000020000484        0x4 ./Middlewares/Third_Party/FreeRTOS/Source/tasks.o
 .bss.xIdleTaskHandle
                0x0000000020000488        0x4 ./Middlewares/Third_Party/FreeRTOS/Source/tasks.o
 .bss.uxSchedulerSuspended
                0x000000002000048c        0x4 ./Middlewares/Third_Party/FreeRTOS/Source/tasks.o
 .bss.ucMaxSysCallPriority
                0x0000000020000490        0x1 ./Middlewares/Third_Party/FreeRTOS/Source/portable/GCC/ARM_CM3/port.o
 *fill*         0x0000000020000491        0x3 
 .bss.ulMaxPRIGROUPValue
                0x0000000020000494        0x4 ./Middlewares/Third_Party/FreeRTOS/Source/portable/GCC/ARM_CM3/port.o
 .bss.ucHeap    0x0000000020000498      0xc00 ./Middlewares/Third_Party/FreeRTOS/Source/portable/MemMang/heap_4.o
 .bss.xStart    0x0000000020001098        0x8 ./Middlewares/Third_Party/FreeRTOS/Source/portable/MemMang/heap_4.o
 .bss.pxEnd     0x00000000200010a0        0x4 ./Middlewares/Third_Party/FreeRTOS/Source/portable/MemMang/heap_4.o
 .bss.xFreeBytesRemaining
                0x00000000200010a4        0x4 ./Middlewares/Third_Party/FreeRTOS/Source/portable/MemMang/heap_4.o
 .bss.xMinimumEverFreeBytesRemaining
                0x00000000200010a8        0x4 ./Middlewares/Third_Party/FreeRTOS/Source/portable/MemMang/heap_4.o
 .bss.xBlockAllocatedBit
                0x00000000200010ac        0x4 ./Middlewares/Third_Party/FreeRTOS/Source/portable/MemMang/heap_4.o
 *(COMMON)
                0x00000000200010b0                . = ALIGN (0x4)
                0x00000000200010b0                _ebss = .
                0x00000000200010b0                __bss_end__ = _ebss

._user_heap_stack
                0x00000000200010b0      0x600 load address 0x00000000080031b8
                0x00000000200010b0                . = ALIGN (0x8)
                [!provide]                        PROVIDE (end = .)
                0x00000000200010b0                PROVIDE (_end = .)
                0x00000000200012b0                . = (. + _Min_Heap_Size)
 *fill*         0x00000000200010b0      0x200 
                0x00000000200016b0                . = (. + _Min_Stack_Size)
 *fill*         0x00000000200012b0      0x400 
                0x00000000200016b0                . = ALIGN (0x8)

/DISCARD/
 libc.a(*)
 libm.a(*)
 libgcc.a(*)

.ARM.attributes
                0x0000000000000000       0x29
 *(.ARM.attributes)
 .ARM.attributes
                0x0000000000000000       0x1d c:/users/bristinium/code/usst/stm32/stm32cubeide_1.12.1/stm32cubeide/plugins/com.st.stm32cube.ide.mcu.externaltools.gnu-tools-for-stm32.10.3-2021.10.win32_1.0.200.202301161003/tools/bin/../lib/gcc/arm-none-eabi/10.3.1/thumb/v7-m/nofp/crti.o
 .ARM.attributes
                0x000000000000001d       0x2d c:/users/bristinium/code/usst/stm32/stm32cubeide_1.12.1/stm32cubeide/plugins/com.st.stm32cube.ide.mcu.externaltools.gnu-tools-for-stm32.10.3-2021.10.win32_1.0.200.202301161003/tools/bin/../lib/gcc/arm-none-eabi/10.3.1/thumb/v7-m/nofp/crtbegin.o
 .ARM.attributes
                0x000000000000004a       0x2d ./Core/Src/debug_printer/debug_printer.o
 .ARM.attributes
                0x0000000000000077       0x2d ./Core/Src/freertos.o
 .ARM.attributes
                0x00000000000000a4       0x2d ./Core/Src/main.o
 .ARM.attributes
                0x00000000000000d1       0x2d ./Core/Src/stm32f1xx_hal_msp.o
 .ARM.attributes
                0x00000000000000fe       0x2d ./Core/Src/stm32f1xx_hal_timebase_tim.o
 .ARM.attributes
                0x000000000000012b       0x2d ./Core/Src/stm32f1xx_it.o
 .ARM.attributes
                0x0000000000000158       0x2d ./Core/Src/system_stm32f1xx.o
 .ARM.attributes
                0x0000000000000185       0x21 ./Core/Startup/startup_stm32f103rbtx.o
 .ARM.attributes
                0x00000000000001a6       0x2d ./Drivers/STM32F1xx_HAL_Driver/Src/stm32f1xx_hal.o
 .ARM.attributes
                0x00000000000001d3       0x2d ./Drivers/STM32F1xx_HAL_Driver/Src/stm32f1xx_hal_cortex.o
 .ARM.attributes
                0x0000000000000200       0x2d ./Drivers/STM32F1xx_HAL_Driver/Src/stm32f1xx_hal_gpio.o
 .ARM.attributes
                0x000000000000022d       0x2d ./Drivers/STM32F1xx_HAL_Driver/Src/stm32f1xx_hal_rcc.o
 .ARM.attributes
                0x000000000000025a       0x2d ./Drivers/STM32F1xx_HAL_Driver/Src/stm32f1xx_hal_tim.o
 .ARM.attributes
                0x0000000000000287       0x2d ./Drivers/STM32F1xx_HAL_Driver/Src/stm32f1xx_hal_tim_ex.o
 .ARM.attributes
                0x00000000000002b4       0x2d ./Drivers/STM32F1xx_HAL_Driver/Src/stm32f1xx_hal_uart.o
 .ARM.attributes
                0x00000000000002e1       0x2d ./Middlewares/Third_Party/FreeRTOS/Source/CMSIS_RTOS/cmsis_os.o
 .ARM.attributes
                0x000000000000030e       0x2d ./Middlewares/Third_Party/FreeRTOS/Source/list.o
 .ARM.attributes
                0x000000000000033b       0x2d ./Middlewares/Third_Party/FreeRTOS/Source/tasks.o
 .ARM.attributes
                0x0000000000000368       0x2d ./Middlewares/Third_Party/FreeRTOS/Source/portable/GCC/ARM_CM3/port.o
 .ARM.attributes
                0x0000000000000395       0x2d ./Middlewares/Third_Party/FreeRTOS/Source/portable/MemMang/heap_4.o
 .ARM.attributes
                0x00000000000003c2       0x2d c:/users/bristinium/code/usst/stm32/stm32cubeide_1.12.1/stm32cubeide/plugins/com.st.stm32cube.ide.mcu.externaltools.gnu-tools-for-stm32.10.3-2021.10.win32_1.0.200.202301161003/tools/bin/../lib/gcc/arm-none-eabi/10.3.1/../../../../arm-none-eabi/lib/thumb/v7-m/nofp\libc_nano.a(lib_a-init.o)
 .ARM.attributes
                0x00000000000003ef       0x2d c:/users/bristinium/code/usst/stm32/stm32cubeide_1.12.1/stm32cubeide/plugins/com.st.stm32cube.ide.mcu.externaltools.gnu-tools-for-stm32.10.3-2021.10.win32_1.0.200.202301161003/tools/bin/../lib/gcc/arm-none-eabi/10.3.1/../../../../arm-none-eabi/lib/thumb/v7-m/nofp\libc_nano.a(lib_a-memcpy-stub.o)
 .ARM.attributes
                0x000000000000041c       0x2d c:/users/bristinium/code/usst/stm32/stm32cubeide_1.12.1/stm32cubeide/plugins/com.st.stm32cube.ide.mcu.externaltools.gnu-tools-for-stm32.10.3-2021.10.win32_1.0.200.202301161003/tools/bin/../lib/gcc/arm-none-eabi/10.3.1/../../../../arm-none-eabi/lib/thumb/v7-m/nofp\libc_nano.a(lib_a-memset.o)
 .ARM.attributes
                0x0000000000000449       0x17 c:/users/bristinium/code/usst/stm32/stm32cubeide_1.12.1/stm32cubeide/plugins/com.st.stm32cube.ide.mcu.externaltools.gnu-tools-for-stm32.10.3-2021.10.win32_1.0.200.202301161003/tools/bin/../lib/gcc/arm-none-eabi/10.3.1/../../../../arm-none-eabi/lib/thumb/v7-m/nofp\libc_nano.a(lib_a-strlen.o)
 .ARM.attributes
                0x0000000000000460       0x1d c:/users/bristinium/code/usst/stm32/stm32cubeide_1.12.1/stm32cubeide/plugins/com.st.stm32cube.ide.mcu.externaltools.gnu-tools-for-stm32.10.3-2021.10.win32_1.0.200.202301161003/tools/bin/../lib/gcc/arm-none-eabi/10.3.1/thumb/v7-m/nofp/crtn.o
OUTPUT(flight_computer_code.elf elf32-littlearm)
LOAD linker stubs
LOAD c:/users/bristinium/code/usst/stm32/stm32cubeide_1.12.1/stm32cubeide/plugins/com.st.stm32cube.ide.mcu.externaltools.gnu-tools-for-stm32.10.3-2021.10.win32_1.0.200.202301161003/tools/bin/../lib/gcc/arm-none-eabi/10.3.1/../../../../arm-none-eabi/lib/thumb/v7-m/nofp\libc.a
LOAD c:/users/bristinium/code/usst/stm32/stm32cubeide_1.12.1/stm32cubeide/plugins/com.st.stm32cube.ide.mcu.externaltools.gnu-tools-for-stm32.10.3-2021.10.win32_1.0.200.202301161003/tools/bin/../lib/gcc/arm-none-eabi/10.3.1/../../../../arm-none-eabi/lib/thumb/v7-m/nofp\libm.a
LOAD c:/users/bristinium/code/usst/stm32/stm32cubeide_1.12.1/stm32cubeide/plugins/com.st.stm32cube.ide.mcu.externaltools.gnu-tools-for-stm32.10.3-2021.10.win32_1.0.200.202301161003/tools/bin/../lib/gcc/arm-none-eabi/10.3.1/thumb/v7-m/nofp\libgcc.a

.debug_info     0x0000000000000000    0x10fd3
 .debug_info    0x0000000000000000      0x6f4 ./Core/Src/debug_printer/debug_printer.o
 .debug_info    0x00000000000006f4      0x294 ./Core/Src/freertos.o
 .debug_info    0x0000000000000988     0x1110 ./Core/Src/main.o
 .debug_info    0x0000000000001a98      0x9db ./Core/Src/stm32f1xx_hal_msp.o
 .debug_info    0x0000000000002473      0x9ee ./Core/Src/stm32f1xx_hal_timebase_tim.o
 .debug_info    0x0000000000002e61      0x6b0 ./Core/Src/stm32f1xx_it.o
 .debug_info    0x0000000000003511      0x23d ./Core/Src/system_stm32f1xx.o
 .debug_info    0x000000000000374e       0x22 ./Core/Startup/startup_stm32f103rbtx.o
 .debug_info    0x0000000000003770      0x734 ./Drivers/STM32F1xx_HAL_Driver/Src/stm32f1xx_hal.o
 .debug_info    0x0000000000003ea4      0xb20 ./Drivers/STM32F1xx_HAL_Driver/Src/stm32f1xx_hal_cortex.o
 .debug_info    0x00000000000049c4      0x615 ./Drivers/STM32F1xx_HAL_Driver/Src/stm32f1xx_hal_gpio.o
 .debug_info    0x0000000000004fd9      0x865 ./Drivers/STM32F1xx_HAL_Driver/Src/stm32f1xx_hal_rcc.o
 .debug_info    0x000000000000583e     0x2bab ./Drivers/STM32F1xx_HAL_Driver/Src/stm32f1xx_hal_tim.o
 .debug_info    0x00000000000083e9     0x15c7 ./Drivers/STM32F1xx_HAL_Driver/Src/stm32f1xx_hal_tim_ex.o
 .debug_info    0x00000000000099b0     0x31b2 ./Drivers/STM32F1xx_HAL_Driver/Src/stm32f1xx_hal_uart.o
 .debug_info    0x000000000000cb62     0x1c1b ./Middlewares/Third_Party/FreeRTOS/Source/CMSIS_RTOS/cmsis_os.o
 .debug_info    0x000000000000e77d      0x2cb ./Middlewares/Third_Party/FreeRTOS/Source/list.o
 .debug_info    0x000000000000ea48     0x1cec ./Middlewares/Third_Party/FreeRTOS/Source/tasks.o
 .debug_info    0x0000000000010734      0x4b7 ./Middlewares/Third_Party/FreeRTOS/Source/portable/GCC/ARM_CM3/port.o
 .debug_info    0x0000000000010beb      0x3e8 ./Middlewares/Third_Party/FreeRTOS/Source/portable/MemMang/heap_4.o

.debug_abbrev   0x0000000000000000     0x28d2
 .debug_abbrev  0x0000000000000000      0x1c3 ./Core/Src/debug_printer/debug_printer.o
 .debug_abbrev  0x00000000000001c3       0xcd ./Core/Src/freertos.o
 .debug_abbrev  0x0000000000000290      0x2c3 ./Core/Src/main.o
 .debug_abbrev  0x0000000000000553      0x1b9 ./Core/Src/stm32f1xx_hal_msp.o
 .debug_abbrev  0x000000000000070c      0x1e6 ./Core/Src/stm32f1xx_hal_timebase_tim.o
 .debug_abbrev  0x00000000000008f2      0x171 ./Core/Src/stm32f1xx_it.o
 .debug_abbrev  0x0000000000000a63      0x13b ./Core/Src/system_stm32f1xx.o
 .debug_abbrev  0x0000000000000b9e       0x12 ./Core/Startup/startup_stm32f103rbtx.o
 .debug_abbrev  0x0000000000000bb0      0x1fb ./Drivers/STM32F1xx_HAL_Driver/Src/stm32f1xx_hal.o
 .debug_abbrev  0x0000000000000dab      0x2ed ./Drivers/STM32F1xx_HAL_Driver/Src/stm32f1xx_hal_cortex.o
 .debug_abbrev  0x0000000000001098      0x1bb ./Drivers/STM32F1xx_HAL_Driver/Src/stm32f1xx_hal_gpio.o
 .debug_abbrev  0x0000000000001253      0x2a8 ./Drivers/STM32F1xx_HAL_Driver/Src/stm32f1xx_hal_rcc.o
 .debug_abbrev  0x00000000000014fb      0x264 ./Drivers/STM32F1xx_HAL_Driver/Src/stm32f1xx_hal_tim.o
 .debug_abbrev  0x000000000000175f      0x26c ./Drivers/STM32F1xx_HAL_Driver/Src/stm32f1xx_hal_tim_ex.o
 .debug_abbrev  0x00000000000019cb      0x2df ./Drivers/STM32F1xx_HAL_Driver/Src/stm32f1xx_hal_uart.o
 .debug_abbrev  0x0000000000001caa      0x392 ./Middlewares/Third_Party/FreeRTOS/Source/CMSIS_RTOS/cmsis_os.o
 .debug_abbrev  0x000000000000203c       0xf2 ./Middlewares/Third_Party/FreeRTOS/Source/list.o
 .debug_abbrev  0x000000000000212e      0x34e ./Middlewares/Third_Party/FreeRTOS/Source/tasks.o
 .debug_abbrev  0x000000000000247c      0x257 ./Middlewares/Third_Party/FreeRTOS/Source/portable/GCC/ARM_CM3/port.o
 .debug_abbrev  0x00000000000026d3      0x1ff ./Middlewares/Third_Party/FreeRTOS/Source/portable/MemMang/heap_4.o

.debug_aranges  0x0000000000000000     0x1038
 .debug_aranges
                0x0000000000000000       0x30 ./Core/Src/debug_printer/debug_printer.o
 .debug_aranges
                0x0000000000000030       0x20 ./Core/Src/freertos.o
 .debug_aranges
                0x0000000000000050       0x58 ./Core/Src/main.o
 .debug_aranges
                0x00000000000000a8       0x30 ./Core/Src/stm32f1xx_hal_msp.o
 .debug_aranges
                0x00000000000000d8       0x30 ./Core/Src/stm32f1xx_hal_timebase_tim.o
 .debug_aranges
                0x0000000000000108       0x50 ./Core/Src/stm32f1xx_it.o
 .debug_aranges
                0x0000000000000158       0x28 ./Core/Src/system_stm32f1xx.o
 .debug_aranges
                0x0000000000000180       0x28 ./Core/Startup/startup_stm32f103rbtx.o
 .debug_aranges
                0x00000000000001a8       0xe0 ./Drivers/STM32F1xx_HAL_Driver/Src/stm32f1xx_hal.o
 .debug_aranges
                0x0000000000000288      0x100 ./Drivers/STM32F1xx_HAL_Driver/Src/stm32f1xx_hal_cortex.o
 .debug_aranges
                0x0000000000000388       0x58 ./Drivers/STM32F1xx_HAL_Driver/Src/stm32f1xx_hal_gpio.o
 .debug_aranges
                0x00000000000003e0       0x90 ./Drivers/STM32F1xx_HAL_Driver/Src/stm32f1xx_hal_rcc.o
 .debug_aranges
                0x0000000000000470      0x3d0 ./Drivers/STM32F1xx_HAL_Driver/Src/stm32f1xx_hal_tim.o
 .debug_aranges
                0x0000000000000840      0x168 ./Drivers/STM32F1xx_HAL_Driver/Src/stm32f1xx_hal_tim_ex.o
 .debug_aranges
                0x00000000000009a8      0x208 ./Drivers/STM32F1xx_HAL_Driver/Src/stm32f1xx_hal_uart.o
 .debug_aranges
                0x0000000000000bb0      0x1d8 ./Middlewares/Third_Party/FreeRTOS/Source/CMSIS_RTOS/cmsis_os.o
 .debug_aranges
                0x0000000000000d88       0x40 ./Middlewares/Third_Party/FreeRTOS/Source/list.o
 .debug_aranges
                0x0000000000000dc8      0x1a8 ./Middlewares/Third_Party/FreeRTOS/Source/tasks.o
 .debug_aranges
                0x0000000000000f70       0x78 ./Middlewares/Third_Party/FreeRTOS/Source/portable/GCC/ARM_CM3/port.o
 .debug_aranges
                0x0000000000000fe8       0x50 ./Middlewares/Third_Party/FreeRTOS/Source/portable/MemMang/heap_4.o

.debug_ranges   0x0000000000000000      0xf30
 .debug_ranges  0x0000000000000000       0x20 ./Core/Src/debug_printer/debug_printer.o
 .debug_ranges  0x0000000000000020       0x10 ./Core/Src/freertos.o
 .debug_ranges  0x0000000000000030       0x48 ./Core/Src/main.o
 .debug_ranges  0x0000000000000078       0x20 ./Core/Src/stm32f1xx_hal_msp.o
 .debug_ranges  0x0000000000000098       0x20 ./Core/Src/stm32f1xx_hal_timebase_tim.o
 .debug_ranges  0x00000000000000b8       0x40 ./Core/Src/stm32f1xx_it.o
 .debug_ranges  0x00000000000000f8       0x18 ./Core/Src/system_stm32f1xx.o
 .debug_ranges  0x0000000000000110       0x20 ./Core/Startup/startup_stm32f103rbtx.o
 .debug_ranges  0x0000000000000130       0xd0 ./Drivers/STM32F1xx_HAL_Driver/Src/stm32f1xx_hal.o
 .debug_ranges  0x0000000000000200       0xf0 ./Drivers/STM32F1xx_HAL_Driver/Src/stm32f1xx_hal_cortex.o
 .debug_ranges  0x00000000000002f0       0x48 ./Drivers/STM32F1xx_HAL_Driver/Src/stm32f1xx_hal_gpio.o
 .debug_ranges  0x0000000000000338       0x80 ./Drivers/STM32F1xx_HAL_Driver/Src/stm32f1xx_hal_rcc.o
 .debug_ranges  0x00000000000003b8      0x3c0 ./Drivers/STM32F1xx_HAL_Driver/Src/stm32f1xx_hal_tim.o
 .debug_ranges  0x0000000000000778      0x158 ./Drivers/STM32F1xx_HAL_Driver/Src/stm32f1xx_hal_tim_ex.o
 .debug_ranges  0x00000000000008d0      0x228 ./Drivers/STM32F1xx_HAL_Driver/Src/stm32f1xx_hal_uart.o
 .debug_ranges  0x0000000000000af8      0x1c8 ./Middlewares/Third_Party/FreeRTOS/Source/CMSIS_RTOS/cmsis_os.o
 .debug_ranges  0x0000000000000cc0       0x30 ./Middlewares/Third_Party/FreeRTOS/Source/list.o
 .debug_ranges  0x0000000000000cf0      0x198 ./Middlewares/Third_Party/FreeRTOS/Source/tasks.o
 .debug_ranges  0x0000000000000e88       0x68 ./Middlewares/Third_Party/FreeRTOS/Source/portable/GCC/ARM_CM3/port.o
 .debug_ranges  0x0000000000000ef0       0x40 ./Middlewares/Third_Party/FreeRTOS/Source/portable/MemMang/heap_4.o

.debug_macro    0x0000000000000000    0x19894
 .debug_macro   0x0000000000000000      0x343 ./Core/Src/debug_printer/debug_printer.o
 .debug_macro   0x0000000000000343      0xa6c ./Core/Src/debug_printer/debug_printer.o
 .debug_macro   0x0000000000000daf       0x22 ./Core/Src/debug_printer/debug_printer.o
 .debug_macro   0x0000000000000dd1       0x4c ./Core/Src/debug_printer/debug_printer.o
 .debug_macro   0x0000000000000e1d       0x18 ./Core/Src/debug_printer/debug_printer.o
 .debug_macro   0x0000000000000e35       0x94 ./Core/Src/debug_printer/debug_printer.o
 .debug_macro   0x0000000000000ec9       0x3c ./Core/Src/debug_printer/debug_printer.o
 .debug_macro   0x0000000000000f05       0x34 ./Core/Src/debug_printer/debug_printer.o
 .debug_macro   0x0000000000000f39       0x16 ./Core/Src/debug_printer/debug_printer.o
 .debug_macro   0x0000000000000f4f       0x57 ./Core/Src/debug_printer/debug_printer.o
 .debug_macro   0x0000000000000fa6       0x97 ./Core/Src/debug_printer/debug_printer.o
 .debug_macro   0x000000000000103d      0x341 ./Core/Src/debug_printer/debug_printer.o
 .debug_macro   0x000000000000137e       0xfd ./Core/Src/debug_printer/debug_printer.o
 .debug_macro   0x000000000000147b       0x10 ./Core/Src/debug_printer/debug_printer.o
 .debug_macro   0x000000000000148b       0x16 ./Core/Src/debug_printer/debug_printer.o
 .debug_macro   0x00000000000014a1       0x43 ./Core/Src/debug_printer/debug_printer.o
 .debug_macro   0x00000000000014e4       0x34 ./Core/Src/debug_printer/debug_printer.o
 .debug_macro   0x0000000000001518       0x10 ./Core/Src/debug_printer/debug_printer.o
 .debug_macro   0x0000000000001528       0x58 ./Core/Src/debug_printer/debug_printer.o
 .debug_macro   0x0000000000001580       0x71 ./Core/Src/debug_printer/debug_printer.o
 .debug_macro   0x00000000000015f1       0x1c ./Core/Src/debug_printer/debug_printer.o
 .debug_macro   0x000000000000160d      0x12a ./Core/Src/debug_printer/debug_printer.o
 .debug_macro   0x0000000000001737       0x10 ./Core/Src/debug_printer/debug_printer.o
 .debug_macro   0x0000000000001747       0x6a ./Core/Src/debug_printer/debug_printer.o
 .debug_macro   0x00000000000017b1       0x1c ./Core/Src/debug_printer/debug_printer.o
 .debug_macro   0x00000000000017cd       0x52 ./Core/Src/debug_printer/debug_printer.o
 .debug_macro   0x000000000000181f       0x22 ./Core/Src/debug_printer/debug_printer.o
 .debug_macro   0x0000000000001841       0x10 ./Core/Src/debug_printer/debug_printer.o
 .debug_macro   0x0000000000001851       0x52 ./Core/Src/debug_printer/debug_printer.o
 .debug_macro   0x00000000000018a3       0xd5 ./Core/Src/debug_printer/debug_printer.o
 .debug_macro   0x0000000000001978       0x1c ./Core/Src/debug_printer/debug_printer.o
 .debug_macro   0x0000000000001994       0x3d ./Core/Src/debug_printer/debug_printer.o
 .debug_macro   0x00000000000019d1       0x16 ./Core/Src/debug_printer/debug_printer.o
 .debug_macro   0x00000000000019e7      0x145 ./Core/Src/debug_printer/debug_printer.o
 .debug_macro   0x0000000000001b2c       0x4c ./Core/Src/debug_printer/debug_printer.o
 .debug_macro   0x0000000000001b78       0x16 ./Core/Src/debug_printer/debug_printer.o
 .debug_macro   0x0000000000001b8e       0x35 ./Core/Src/debug_printer/debug_printer.o
 .debug_macro   0x0000000000001bc3       0x20 ./Core/Src/debug_printer/debug_printer.o
 .debug_macro   0x0000000000001be3      0x21b ./Core/Src/debug_printer/debug_printer.o
 .debug_macro   0x0000000000001dfe       0x2e ./Core/Src/debug_printer/debug_printer.o
 .debug_macro   0x0000000000001e2c       0x22 ./Core/Src/debug_printer/debug_printer.o
 .debug_macro   0x0000000000001e4e      0x103 ./Core/Src/debug_printer/debug_printer.o
 .debug_macro   0x0000000000001f51      0x1df ./Core/Src/debug_printer/debug_printer.o
 .debug_macro   0x0000000000002130       0x1c ./Core/Src/debug_printer/debug_printer.o
 .debug_macro   0x000000000000214c       0x22 ./Core/Src/debug_printer/debug_printer.o
 .debug_macro   0x000000000000216e       0xbd ./Core/Src/debug_printer/debug_printer.o
 .debug_macro   0x000000000000222b      0xd23 ./Core/Src/debug_printer/debug_printer.o
 .debug_macro   0x0000000000002f4e     0xe09e ./Core/Src/debug_printer/debug_printer.o
 .debug_macro   0x0000000000010fec       0x6d ./Core/Src/debug_printer/debug_printer.o
 .debug_macro   0x0000000000011059     0x348d ./Core/Src/debug_printer/debug_printer.o
 .debug_macro   0x00000000000144e6       0x56 ./Core/Src/debug_printer/debug_printer.o
 .debug_macro   0x000000000001453c      0x5bc ./Core/Src/debug_printer/debug_printer.o
 .debug_macro   0x0000000000014af8      0x289 ./Core/Src/debug_printer/debug_printer.o
 .debug_macro   0x0000000000014d81      0x1cb ./Core/Src/debug_printer/debug_printer.o
 .debug_macro   0x0000000000014f4c      0x114 ./Core/Src/debug_printer/debug_printer.o
 .debug_macro   0x0000000000015060      0x1b2 ./Core/Src/debug_printer/debug_printer.o
 .debug_macro   0x0000000000015212       0x27 ./Core/Src/debug_printer/debug_printer.o
 .debug_macro   0x0000000000015239      0x136 ./Core/Src/debug_printer/debug_printer.o
 .debug_macro   0x000000000001536f      0x1bc ./Core/Src/debug_printer/debug_printer.o
 .debug_macro   0x000000000001552b       0x34 ./Core/Src/debug_printer/debug_printer.o
 .debug_macro   0x000000000001555f       0x3c ./Core/Src/debug_printer/debug_printer.o
 .debug_macro   0x000000000001559b       0x57 ./Core/Src/debug_printer/debug_printer.o
 .debug_macro   0x00000000000155f2       0x87 ./Core/Src/debug_printer/debug_printer.o
 .debug_macro   0x0000000000015679      0x240 ./Core/Src/debug_printer/debug_printer.o
 .debug_macro   0x00000000000158b9      0x140 ./Core/Src/debug_printer/debug_printer.o
 .debug_macro   0x00000000000159f9      0x8ed ./Core/Src/debug_printer/debug_printer.o
 .debug_macro   0x00000000000162e6      0x28e ./Core/Src/debug_printer/debug_printer.o
 .debug_macro   0x0000000000016574       0x83 ./Core/Src/debug_printer/debug_printer.o
 .debug_macro   0x00000000000165f7      0x21a ./Core/Src/freertos.o
 .debug_macro   0x0000000000016811      0x174 ./Core/Src/freertos.o
 .debug_macro   0x0000000000016985       0x8e ./Core/Src/freertos.o
 .debug_macro   0x0000000000016a13       0x51 ./Core/Src/freertos.o
 .debug_macro   0x0000000000016a64       0xd6 ./Core/Src/freertos.o
 .debug_macro   0x0000000000016b3a      0x15a ./Core/Src/freertos.o
 .debug_macro   0x0000000000016c94       0xd7 ./Core/Src/freertos.o
 .debug_macro   0x0000000000016d6b       0x10 ./Core/Src/freertos.o
 .debug_macro   0x0000000000016d7b       0x1f ./Core/Src/freertos.o
 .debug_macro   0x0000000000016d9a      0x4b7 ./Core/Src/freertos.o
 .debug_macro   0x0000000000017251       0xb5 ./Core/Src/freertos.o
 .debug_macro   0x0000000000017306       0x8c ./Core/Src/freertos.o
 .debug_macro   0x0000000000017392       0x5c ./Core/Src/freertos.o
 .debug_macro   0x00000000000173ee       0x10 ./Core/Src/freertos.o
 .debug_macro   0x00000000000173fe      0x40b ./Core/Src/main.o
 .debug_macro   0x0000000000017809       0xd6 ./Core/Src/main.o
 .debug_macro   0x00000000000178df       0x91 ./Core/Src/main.o
 .debug_macro   0x0000000000017970       0x8d ./Core/Src/main.o
 .debug_macro   0x00000000000179fd       0x7e ./Core/Src/main.o
 .debug_macro   0x0000000000017a7b       0x19 ./Core/Src/main.o
 .debug_macro   0x0000000000017a94       0xf2 ./Core/Src/main.o
 .debug_macro   0x0000000000017b86       0x52 ./Core/Src/main.o
 .debug_macro   0x0000000000017bd8      0x1b2 ./Core/Src/stm32f1xx_hal_msp.o
 .debug_macro   0x0000000000017d8a      0x1a3 ./Core/Src/stm32f1xx_hal_timebase_tim.o
 .debug_macro   0x0000000000017f2d      0x1bc ./Core/Src/stm32f1xx_it.o
 .debug_macro   0x00000000000180e9      0x1a3 ./Core/Src/system_stm32f1xx.o
 .debug_macro   0x000000000001828c      0x1c7 ./Drivers/STM32F1xx_HAL_Driver/Src/stm32f1xx_hal.o
 .debug_macro   0x0000000000018453      0x1a3 ./Drivers/STM32F1xx_HAL_Driver/Src/stm32f1xx_hal_cortex.o
 .debug_macro   0x00000000000185f6      0x20e ./Drivers/STM32F1xx_HAL_Driver/Src/stm32f1xx_hal_gpio.o
 .debug_macro   0x0000000000018804      0x1b5 ./Drivers/STM32F1xx_HAL_Driver/Src/stm32f1xx_hal_rcc.o
 .debug_macro   0x00000000000189b9      0x1a4 ./Drivers/STM32F1xx_HAL_Driver/Src/stm32f1xx_hal_tim.o
 .debug_macro   0x0000000000018b5d      0x1a3 ./Drivers/STM32F1xx_HAL_Driver/Src/stm32f1xx_hal_tim_ex.o
 .debug_macro   0x0000000000018d00      0x1a4 ./Drivers/STM32F1xx_HAL_Driver/Src/stm32f1xx_hal_uart.o
 .debug_macro   0x0000000000018ea4      0x1fe ./Middlewares/Third_Party/FreeRTOS/Source/CMSIS_RTOS/cmsis_os.o
 .debug_macro   0x00000000000190a2       0x10 ./Middlewares/Third_Party/FreeRTOS/Source/CMSIS_RTOS/cmsis_os.o
 .debug_macro   0x00000000000190b2       0xab ./Middlewares/Third_Party/FreeRTOS/Source/CMSIS_RTOS/cmsis_os.o
 .debug_macro   0x000000000001915d      0x187 ./Middlewares/Third_Party/FreeRTOS/Source/list.o
 .debug_macro   0x00000000000192e4      0x280 ./Middlewares/Third_Party/FreeRTOS/Source/tasks.o
 .debug_macro   0x0000000000019564       0x10 ./Middlewares/Third_Party/FreeRTOS/Source/tasks.o
 .debug_macro   0x0000000000019574      0x172 ./Middlewares/Third_Party/FreeRTOS/Source/portable/GCC/ARM_CM3/port.o
 .debug_macro   0x00000000000196e6      0x1ae ./Middlewares/Third_Party/FreeRTOS/Source/portable/MemMang/heap_4.o

.debug_line     0x0000000000000000    0x13294
 .debug_line    0x0000000000000000      0xad5 ./Core/Src/debug_printer/debug_printer.o
 .debug_line    0x0000000000000ad5      0x87f ./Core/Src/freertos.o
 .debug_line    0x0000000000001354      0xd78 ./Core/Src/main.o
 .debug_line    0x00000000000020cc      0x7d6 ./Core/Src/stm32f1xx_hal_msp.o
 .debug_line    0x00000000000028a2      0x7f0 ./Core/Src/stm32f1xx_hal_timebase_tim.o
 .debug_line    0x0000000000003092      0x81e ./Core/Src/stm32f1xx_it.o
 .debug_line    0x00000000000038b0      0x800 ./Core/Src/system_stm32f1xx.o
 .debug_line    0x00000000000040b0       0x86 ./Core/Startup/startup_stm32f103rbtx.o
 .debug_line    0x0000000000004136      0xa2d ./Drivers/STM32F1xx_HAL_Driver/Src/stm32f1xx_hal.o
 .debug_line    0x0000000000004b63      0xc15 ./Drivers/STM32F1xx_HAL_Driver/Src/stm32f1xx_hal_cortex.o
 .debug_line    0x0000000000005778      0xac6 ./Drivers/STM32F1xx_HAL_Driver/Src/stm32f1xx_hal_gpio.o
 .debug_line    0x000000000000623e      0xe39 ./Drivers/STM32F1xx_HAL_Driver/Src/stm32f1xx_hal_rcc.o
 .debug_line    0x0000000000007077     0x34b8 ./Drivers/STM32F1xx_HAL_Driver/Src/stm32f1xx_hal_tim.o
 .debug_line    0x000000000000a52f     0x1983 ./Drivers/STM32F1xx_HAL_Driver/Src/stm32f1xx_hal_tim_ex.o
 .debug_line    0x000000000000beb2     0x295e ./Drivers/STM32F1xx_HAL_Driver/Src/stm32f1xx_hal_uart.o
 .debug_line    0x000000000000e810     0x13bd ./Middlewares/Third_Party/FreeRTOS/Source/CMSIS_RTOS/cmsis_os.o
 .debug_line    0x000000000000fbcd      0x8f8 ./Middlewares/Third_Party/FreeRTOS/Source/list.o
 .debug_line    0x00000000000104c5     0x1abb ./Middlewares/Third_Party/FreeRTOS/Source/tasks.o
 .debug_line    0x0000000000011f80      0x85a ./Middlewares/Third_Party/FreeRTOS/Source/portable/GCC/ARM_CM3/port.o
 .debug_line    0x00000000000127da      0xaba ./Middlewares/Third_Party/FreeRTOS/Source/portable/MemMang/heap_4.o

.debug_str      0x0000000000000000    0x9297a
 .debug_str     0x0000000000000000    0x87429 ./Core/Src/debug_printer/debug_printer.o
                                      0x8782b (size before relaxing)
 .debug_str     0x0000000000087429     0x3b43 ./Core/Src/freertos.o
                                      0x86fff (size before relaxing)
 .debug_str     0x000000000008af6c     0x2978 ./Core/Src/main.o
                                      0x8dc4b (size before relaxing)
 .debug_str     0x000000000008d8e4      0x311 ./Core/Src/stm32f1xx_hal_msp.o
                                      0x83cba (size before relaxing)
 .debug_str     0x000000000008dbf5      0x10a ./Core/Src/stm32f1xx_hal_timebase_tim.o
                                      0x83dfd (size before relaxing)
 .debug_str     0x000000000008dcff       0xa5 ./Core/Src/stm32f1xx_it.o
                                      0x83a13 (size before relaxing)
 .debug_str     0x000000000008dda4       0x7e ./Core/Src/system_stm32f1xx.o
                                      0x83545 (size before relaxing)
 .debug_str     0x000000000008de22       0x36 ./Core/Startup/startup_stm32f103rbtx.o
                                         0x7c (size before relaxing)
 .debug_str     0x000000000008de58      0x34a ./Drivers/STM32F1xx_HAL_Driver/Src/stm32f1xx_hal.o
                                      0x83c78 (size before relaxing)
 .debug_str     0x000000000008e1a2      0x29f ./Drivers/STM32F1xx_HAL_Driver/Src/stm32f1xx_hal_cortex.o
                                      0x83bc4 (size before relaxing)
 .debug_str     0x000000000008e441      0x2e6 ./Drivers/STM32F1xx_HAL_Driver/Src/stm32f1xx_hal_gpio.o
                                      0x838cb (size before relaxing)
 .debug_str     0x000000000008e727      0x1f3 ./Drivers/STM32F1xx_HAL_Driver/Src/stm32f1xx_hal_rcc.o
                                      0x83974 (size before relaxing)
 .debug_str     0x000000000008e91a      0xe69 ./Drivers/STM32F1xx_HAL_Driver/Src/stm32f1xx_hal_tim.o
                                      0x84966 (size before relaxing)
 .debug_str     0x000000000008f783      0x503 ./Drivers/STM32F1xx_HAL_Driver/Src/stm32f1xx_hal_tim_ex.o
                                      0x84182 (size before relaxing)
 .debug_str     0x000000000008fc86      0x624 ./Drivers/STM32F1xx_HAL_Driver/Src/stm32f1xx_hal_uart.o
                                      0x83fe5 (size before relaxing)
 .debug_str     0x00000000000902aa      0xa6d ./Middlewares/Third_Party/FreeRTOS/Source/CMSIS_RTOS/cmsis_os.o
                                       0xdd1b (size before relaxing)
 .debug_str     0x0000000000090d17      0x21b ./Middlewares/Third_Party/FreeRTOS/Source/list.o
                                       0xa331 (size before relaxing)
 .debug_str     0x0000000000090f32     0x1197 ./Middlewares/Third_Party/FreeRTOS/Source/tasks.o
                                       0xc623 (size before relaxing)
 .debug_str     0x00000000000920c9      0x66e ./Middlewares/Third_Party/FreeRTOS/Source/portable/GCC/ARM_CM3/port.o
                                       0x80ce (size before relaxing)
 .debug_str     0x0000000000092737      0x243 ./Middlewares/Third_Party/FreeRTOS/Source/portable/MemMang/heap_4.o
                                       0xaa7e (size before relaxing)

.comment        0x0000000000000000       0x50
 .comment       0x0000000000000000       0x50 ./Core/Src/debug_printer/debug_printer.o
                                         0x51 (size before relaxing)
 .comment       0x0000000000000050       0x51 ./Core/Src/freertos.o
 .comment       0x0000000000000050       0x51 ./Core/Src/main.o
 .comment       0x0000000000000050       0x51 ./Core/Src/stm32f1xx_hal_msp.o
 .comment       0x0000000000000050       0x51 ./Core/Src/stm32f1xx_hal_timebase_tim.o
 .comment       0x0000000000000050       0x51 ./Core/Src/stm32f1xx_it.o
 .comment       0x0000000000000050       0x51 ./Core/Src/system_stm32f1xx.o
 .comment       0x0000000000000050       0x51 ./Drivers/STM32F1xx_HAL_Driver/Src/stm32f1xx_hal.o
 .comment       0x0000000000000050       0x51 ./Drivers/STM32F1xx_HAL_Driver/Src/stm32f1xx_hal_cortex.o
 .comment       0x0000000000000050       0x51 ./Drivers/STM32F1xx_HAL_Driver/Src/stm32f1xx_hal_gpio.o
 .comment       0x0000000000000050       0x51 ./Drivers/STM32F1xx_HAL_Driver/Src/stm32f1xx_hal_rcc.o
 .comment       0x0000000000000050       0x51 ./Drivers/STM32F1xx_HAL_Driver/Src/stm32f1xx_hal_tim.o
 .comment       0x0000000000000050       0x51 ./Drivers/STM32F1xx_HAL_Driver/Src/stm32f1xx_hal_tim_ex.o
 .comment       0x0000000000000050       0x51 ./Drivers/STM32F1xx_HAL_Driver/Src/stm32f1xx_hal_uart.o
 .comment       0x0000000000000050       0x51 ./Middlewares/Third_Party/FreeRTOS/Source/CMSIS_RTOS/cmsis_os.o
 .comment       0x0000000000000050       0x51 ./Middlewares/Third_Party/FreeRTOS/Source/list.o
 .comment       0x0000000000000050       0x51 ./Middlewares/Third_Party/FreeRTOS/Source/tasks.o
 .comment       0x0000000000000050       0x51 ./Middlewares/Third_Party/FreeRTOS/Source/portable/GCC/ARM_CM3/port.o
 .comment       0x0000000000000050       0x51 ./Middlewares/Third_Party/FreeRTOS/Source/portable/MemMang/heap_4.o

.debug_frame    0x0000000000000000     0x4310
 .debug_frame   0x0000000000000000       0x90 ./Core/Src/debug_printer/debug_printer.o
 .debug_frame   0x0000000000000090       0x38 ./Core/Src/freertos.o
 .debug_frame   0x00000000000000c8      0x118 ./Core/Src/main.o
 .debug_frame   0x00000000000001e0       0x7c ./Core/Src/stm32f1xx_hal_msp.o
 .debug_frame   0x000000000000025c       0x74 ./Core/Src/stm32f1xx_hal_timebase_tim.o
 .debug_frame   0x00000000000002d0       0xc4 ./Core/Src/stm32f1xx_it.o
 .debug_frame   0x0000000000000394       0x58 ./Core/Src/system_stm32f1xx.o
 .debug_frame   0x00000000000003ec      0x334 ./Drivers/STM32F1xx_HAL_Driver/Src/stm32f1xx_hal.o
 .debug_frame   0x0000000000000720      0x428 ./Drivers/STM32F1xx_HAL_Driver/Src/stm32f1xx_hal_cortex.o
 .debug_frame   0x0000000000000b48      0x14c ./Drivers/STM32F1xx_HAL_Driver/Src/stm32f1xx_hal_gpio.o
 .debug_frame   0x0000000000000c94      0x218 ./Drivers/STM32F1xx_HAL_Driver/Src/stm32f1xx_hal_rcc.o
 .debug_frame   0x0000000000000eac     0x11bc ./Drivers/STM32F1xx_HAL_Driver/Src/stm32f1xx_hal_tim.o
 .debug_frame   0x0000000000002068      0x638 ./Drivers/STM32F1xx_HAL_Driver/Src/stm32f1xx_hal_tim_ex.o
 .debug_frame   0x00000000000026a0      0x944 ./Drivers/STM32F1xx_HAL_Driver/Src/stm32f1xx_hal_uart.o
 .debug_frame   0x0000000000002fe4      0x80c ./Middlewares/Third_Party/FreeRTOS/Source/CMSIS_RTOS/cmsis_os.o
 .debug_frame   0x00000000000037f0       0xd8 ./Middlewares/Third_Party/FreeRTOS/Source/list.o
 .debug_frame   0x00000000000038c8      0x734 ./Middlewares/Third_Party/FreeRTOS/Source/tasks.o
 .debug_frame   0x0000000000003ffc      0x198 ./Middlewares/Third_Party/FreeRTOS/Source/portable/GCC/ARM_CM3/port.o
 .debug_frame   0x0000000000004194      0x108 ./Middlewares/Third_Party/FreeRTOS/Source/portable/MemMang/heap_4.o
 .debug_frame   0x000000000000429c       0x2c c:/users/bristinium/code/usst/stm32/stm32cubeide_1.12.1/stm32cubeide/plugins/com.st.stm32cube.ide.mcu.externaltools.gnu-tools-for-stm32.10.3-2021.10.win32_1.0.200.202301161003/tools/bin/../lib/gcc/arm-none-eabi/10.3.1/../../../../arm-none-eabi/lib/thumb/v7-m/nofp\libc_nano.a(lib_a-init.o)
 .debug_frame   0x00000000000042c8       0x28 c:/users/bristinium/code/usst/stm32/stm32cubeide_1.12.1/stm32cubeide/plugins/com.st.stm32cube.ide.mcu.externaltools.gnu-tools-for-stm32.10.3-2021.10.win32_1.0.200.202301161003/tools/bin/../lib/gcc/arm-none-eabi/10.3.1/../../../../arm-none-eabi/lib/thumb/v7-m/nofp\libc_nano.a(lib_a-memcpy-stub.o)
 .debug_frame   0x00000000000042f0       0x20 c:/users/bristinium/code/usst/stm32/stm32cubeide_1.12.1/stm32cubeide/plugins/com.st.stm32cube.ide.mcu.externaltools.gnu-tools-for-stm32.10.3-2021.10.win32_1.0.200.202301161003/tools/bin/../lib/gcc/arm-none-eabi/10.3.1/../../../../arm-none-eabi/lib/thumb/v7-m/nofp\libc_nano.a(lib_a-memset.o)
